Archive member included to satisfy reference by file (symbol)

C:/ST/STM32CubeIDE_1.17.0/STM32CubeIDE/plugins/com.st.stm32cube.ide.mcu.externaltools.gnu-tools-for-stm32.12.3.rel1.win32_1.1.0.202410251130/tools/bin/../lib/gcc/arm-none-eabi/12.3.1/../../../../arm-none-eabi/lib/thumb/v8-m.main+fp/hard\libc_nano.a(libc_a-exit.o)
                              C:/ST/STM32CubeIDE_1.17.0/STM32CubeIDE/plugins/com.st.stm32cube.ide.mcu.externaltools.gnu-tools-for-stm32.12.3.rel1.win32_1.1.0.202410251130/tools/bin/../lib/gcc/arm-none-eabi/12.3.1/../../../../arm-none-eabi/lib/thumb/v8-m.main+fp/hard/crt0.o (exit)
C:/ST/STM32CubeIDE_1.17.0/STM32CubeIDE/plugins/com.st.stm32cube.ide.mcu.externaltools.gnu-tools-for-stm32.12.3.rel1.win32_1.1.0.202410251130/tools/bin/../lib/gcc/arm-none-eabi/12.3.1/../../../../arm-none-eabi/lib/thumb/v8-m.main+fp/hard\libc_nano.a(libc_a-findfp.o)
                              C:/ST/STM32CubeIDE_1.17.0/STM32CubeIDE/plugins/com.st.stm32cube.ide.mcu.externaltools.gnu-tools-for-stm32.12.3.rel1.win32_1.1.0.202410251130/tools/bin/../lib/gcc/arm-none-eabi/12.3.1/../../../../arm-none-eabi/lib/thumb/v8-m.main+fp/hard\libc_nano.a(libc_a-exit.o) (__stdio_exit_handler)
C:/ST/STM32CubeIDE_1.17.0/STM32CubeIDE/plugins/com.st.stm32cube.ide.mcu.externaltools.gnu-tools-for-stm32.12.3.rel1.win32_1.1.0.202410251130/tools/bin/../lib/gcc/arm-none-eabi/12.3.1/../../../../arm-none-eabi/lib/thumb/v8-m.main+fp/hard\libc_nano.a(libc_a-fwalk.o)
                              C:/ST/STM32CubeIDE_1.17.0/STM32CubeIDE/plugins/com.st.stm32cube.ide.mcu.externaltools.gnu-tools-for-stm32.12.3.rel1.win32_1.1.0.202410251130/tools/bin/../lib/gcc/arm-none-eabi/12.3.1/../../../../arm-none-eabi/lib/thumb/v8-m.main+fp/hard\libc_nano.a(libc_a-findfp.o) (_fwalk_sglue)
C:/ST/STM32CubeIDE_1.17.0/STM32CubeIDE/plugins/com.st.stm32cube.ide.mcu.externaltools.gnu-tools-for-stm32.12.3.rel1.win32_1.1.0.202410251130/tools/bin/../lib/gcc/arm-none-eabi/12.3.1/../../../../arm-none-eabi/lib/thumb/v8-m.main+fp/hard\libc_nano.a(libc_a-stdio.o)
                              C:/ST/STM32CubeIDE_1.17.0/STM32CubeIDE/plugins/com.st.stm32cube.ide.mcu.externaltools.gnu-tools-for-stm32.12.3.rel1.win32_1.1.0.202410251130/tools/bin/../lib/gcc/arm-none-eabi/12.3.1/../../../../arm-none-eabi/lib/thumb/v8-m.main+fp/hard\libc_nano.a(libc_a-findfp.o) (__sread)
C:/ST/STM32CubeIDE_1.17.0/STM32CubeIDE/plugins/com.st.stm32cube.ide.mcu.externaltools.gnu-tools-for-stm32.12.3.rel1.win32_1.1.0.202410251130/tools/bin/../lib/gcc/arm-none-eabi/12.3.1/../../../../arm-none-eabi/lib/thumb/v8-m.main+fp/hard\libc_nano.a(libc_a-memset.o)
                              C:/ST/STM32CubeIDE_1.17.0/STM32CubeIDE/plugins/com.st.stm32cube.ide.mcu.externaltools.gnu-tools-for-stm32.12.3.rel1.win32_1.1.0.202410251130/tools/bin/../lib/gcc/arm-none-eabi/12.3.1/../../../../arm-none-eabi/lib/thumb/v8-m.main+fp/hard/crt0.o (memset)
C:/ST/STM32CubeIDE_1.17.0/STM32CubeIDE/plugins/com.st.stm32cube.ide.mcu.externaltools.gnu-tools-for-stm32.12.3.rel1.win32_1.1.0.202410251130/tools/bin/../lib/gcc/arm-none-eabi/12.3.1/../../../../arm-none-eabi/lib/thumb/v8-m.main+fp/hard\libc_nano.a(libc_a-closer.o)
                              C:/ST/STM32CubeIDE_1.17.0/STM32CubeIDE/plugins/com.st.stm32cube.ide.mcu.externaltools.gnu-tools-for-stm32.12.3.rel1.win32_1.1.0.202410251130/tools/bin/../lib/gcc/arm-none-eabi/12.3.1/../../../../arm-none-eabi/lib/thumb/v8-m.main+fp/hard\libc_nano.a(libc_a-stdio.o) (_close_r)
C:/ST/STM32CubeIDE_1.17.0/STM32CubeIDE/plugins/com.st.stm32cube.ide.mcu.externaltools.gnu-tools-for-stm32.12.3.rel1.win32_1.1.0.202410251130/tools/bin/../lib/gcc/arm-none-eabi/12.3.1/../../../../arm-none-eabi/lib/thumb/v8-m.main+fp/hard\libc_nano.a(libc_a-reent.o)
                              C:/ST/STM32CubeIDE_1.17.0/STM32CubeIDE/plugins/com.st.stm32cube.ide.mcu.externaltools.gnu-tools-for-stm32.12.3.rel1.win32_1.1.0.202410251130/tools/bin/../lib/gcc/arm-none-eabi/12.3.1/../../../../arm-none-eabi/lib/thumb/v8-m.main+fp/hard\libc_nano.a(libc_a-closer.o) (errno)
C:/ST/STM32CubeIDE_1.17.0/STM32CubeIDE/plugins/com.st.stm32cube.ide.mcu.externaltools.gnu-tools-for-stm32.12.3.rel1.win32_1.1.0.202410251130/tools/bin/../lib/gcc/arm-none-eabi/12.3.1/../../../../arm-none-eabi/lib/thumb/v8-m.main+fp/hard\libc_nano.a(libc_a-impure.o)
                              C:/ST/STM32CubeIDE_1.17.0/STM32CubeIDE/plugins/com.st.stm32cube.ide.mcu.externaltools.gnu-tools-for-stm32.12.3.rel1.win32_1.1.0.202410251130/tools/bin/../lib/gcc/arm-none-eabi/12.3.1/../../../../arm-none-eabi/lib/thumb/v8-m.main+fp/hard\libc_nano.a(libc_a-reent.o) (_impure_ptr)
C:/ST/STM32CubeIDE_1.17.0/STM32CubeIDE/plugins/com.st.stm32cube.ide.mcu.externaltools.gnu-tools-for-stm32.12.3.rel1.win32_1.1.0.202410251130/tools/bin/../lib/gcc/arm-none-eabi/12.3.1/../../../../arm-none-eabi/lib/thumb/v8-m.main+fp/hard\libc_nano.a(libc_a-lseekr.o)
[...]
Memory Configuration

Name             Origin             Length             Attributes
RAM              0x20000000         0x000a0000         xrw
FLASH            0x08000000         0x00200000         xr
*default*        0x00000000         0xffffffff

Linker script and memory map

LOAD C:/ST/STM32CubeIDE_1.17.0/STM32CubeIDE/plugins/com.st.stm32cube.ide.mcu.externaltools.gnu-tools-for-stm32.12.3.rel1.win32_1.1.0.202410251130/tools/bin/../lib/gcc/arm-none-eabi/12.3.1/thumb/v8-m.main+fp/hard/crti.o
LOAD C:/ST/STM32CubeIDE_1.17.0/STM32CubeIDE/plugins/com.st.stm32cube.ide.mcu.externaltools.gnu-tools-for-stm32.12.3.rel1.win32_1.1.0.202410251130/tools/bin/../lib/gcc/arm-none-eabi/12.3.1/thumb/v8-m.main+fp/hard/crtbegin.o
LOAD C:/ST/STM32CubeIDE_1.17.0/STM32CubeIDE/plugins/com.st.stm32cube.ide.mcu.externaltools.gnu-tools-for-stm32.12.3.rel1.win32_1.1.0.202410251130/tools/bin/../lib/gcc/arm-none-eabi/12.3.1/../../../../arm-none-eabi/lib/thumb/v8-m.main+fp/hard/crt0.o
LOAD ./Core/Src/adc.o
LOAD ./Core/Src/gpio.o
LOAD ./Core/Src/main.o
LOAD ./Core/Src/memorymap.o
LOAD ./Core/Src/stm32h5xx_hal_msp.o
LOAD ./Core/Src/stm32h5xx_it.o
LOAD ./Core/Src/syscalls.o
LOAD ./Core/Src/sysmem.o
LOAD ./Core/Src/system_stm32h5xx.o
LOAD ./Core/Startup/startup_stm32h563zitx.o
LOAD ./Drivers/STM32H5xx_HAL_Driver/Src/stm32h5xx_hal.o
LOAD ./Drivers/STM32H5xx_HAL_Driver/Src/stm32h5xx_hal_adc.o
LOAD ./Drivers/STM32H5xx_HAL_Driver/Src/stm32h5xx_hal_adc_ex.o
LOAD ./Drivers/STM32H5xx_HAL_Driver/Src/stm32h5xx_hal_cortex.o
LOAD ./Drivers/STM32H5xx_HAL_Driver/Src/stm32h5xx_hal_dma.o
LOAD ./Drivers/STM32H5xx_HAL_Driver/Src/stm32h5xx_hal_dma_ex.o
LOAD ./Drivers/STM32H5xx_HAL_Driver/Src/stm32h5xx_hal_exti.o
LOAD ./Drivers/STM32H5xx_HAL_Driver/Src/stm32h5xx_hal_flash.o
LOAD ./Drivers/STM32H5xx_HAL_Driver/Src/stm32h5xx_hal_flash_ex.o
LOAD ./Drivers/STM32H5xx_HAL_Driver/Src/stm32h5xx_hal_gpio.o
LOAD ./Drivers/STM32H5xx_HAL_Driver/Src/stm32h5xx_hal_pwr.o
LOAD ./Drivers/STM32H5xx_HAL_Driver/Src/stm32h5xx_hal_pwr_ex.o
LOAD ./Drivers/STM32H5xx_HAL_Driver/Src/stm32h5xx_hal_rcc.o
LOAD ./Drivers/STM32H5xx_HAL_Driver/Src/stm32h5xx_hal_rcc_ex.o
START GROUP
LOAD C:/ST/STM32CubeIDE_1.17.0/STM32CubeIDE/plugins/com.st.stm32cube.ide.mcu.externaltools.gnu-tools-for-stm32.12.3.rel1.win32_1.1.0.202410251130/tools/bin/../lib/gcc/arm-none-eabi/12.3.1/../../../../arm-none-eabi/lib/thumb/v8-m.main+fp/hard\libc_nano.a
LOAD C:/ST/STM32CubeIDE_1.17.0/STM32CubeIDE/plugins/com.st.stm32cube.ide.mcu.externaltools.gnu-tools-for-stm32.12.3.rel1.win32_1.1.0.202410251130/tools/bin/../lib/gcc/arm-none-eabi/12.3.1/../../../../arm-none-eabi/lib/thumb/v8-m.main+fp/hard\libm.a
END GROUP
START GROUP
LOAD C:/ST/STM32CubeIDE_1.17.0/STM32CubeIDE/plugins/com.st.stm32cube.ide.mcu.externaltools.gnu-tools-for-stm32.12.3.rel1.win32_1.1.0.202410251130/tools/bin/../lib/gcc/arm-none-eabi/12.3.1/thumb/v8-m.main+fp/hard\libgcc.a
LOAD C:/ST/STM32CubeIDE_1.17.0/STM32CubeIDE/plugins/com.st.stm32cube.ide.mcu.externaltools.gnu-tools-for-stm32.12.3.rel1.win32_1.1.0.202410251130/tools/bin/../lib/gcc/arm-none-eabi/12.3.1/../../../../arm-none-eabi/lib/thumb/v8-m.main+fp/hard\libc_nano.a
END GROUP
START GROUP
LOAD C:/ST/STM32CubeIDE_1.17.0/STM32CubeIDE/plugins/com.st.stm32cube.ide.mcu.externaltools.gnu-tools-for-stm32.12.3.rel1.win32_1.1.0.202410251130/tools/bin/../lib/gcc/arm-none-eabi/12.3.1/thumb/v8-m.main+fp/hard\libgcc.a
LOAD C:/ST/STM32CubeIDE_1.17.0/STM32CubeIDE/plugins/com.st.stm32cube.ide.mcu.externaltools.gnu-tools-for-stm32.12.3.rel1.win32_1.1.0.202410251130/tools/bin/../lib/gcc/arm-none-eabi/12.3.1/../../../../arm-none-eabi/lib/thumb/v8-m.main+fp/hard\libc_nano.a
LOAD C:/ST/STM32CubeIDE_1.17.0/STM32CubeIDE/plugins/com.st.stm32cube.ide.mcu.externaltools.gnu-tools-for-stm32.12.3.rel1.win32_1.1.0.202410251130/tools/bin/../lib/gcc/arm-none-eabi/12.3.1/../../../../arm-none-eabi/lib/thumb/v8-m.main+fp/hard\libnosys.a
END GROUP
START GROUP
LOAD C:/ST/STM32CubeIDE_1.17.0/STM32CubeIDE/plugins/com.st.stm32cube.ide.mcu.externaltools.gnu-tools-for-stm32.12.3.rel1.win32_1.1.0.202410251130/tools/bin/../lib/gcc/arm-none-eabi/12.3.1/thumb/v8-m.main+fp/hard\libgcc.a
LOAD C:/ST/STM32CubeIDE_1.17.0/STM32CubeIDE/plugins/com.st.stm32cube.ide.mcu.externaltools.gnu-tools-for-stm32.12.3.rel1.win32_1.1.0.202410251130/tools/bin/../lib/gcc/arm-none-eabi/12.3.1/../../../../arm-none-eabi/lib/thumb/v8-m.main+fp/hard\libc_nano.a
LOAD C:/ST/STM32CubeIDE_1.17.0/STM32CubeIDE/plugins/com.st.stm32cube.ide.mcu.externaltools.gnu-tools-for-stm32.12.3.rel1.win32_1.1.0.202410251130/tools/bin/../lib/gcc/arm-none-eabi/12.3.1/../../../../arm-none-eabi/lib/thumb/v8-m.main+fp/hard\libnosys.a
END GROUP
LOAD C:/ST/STM32CubeIDE_1.17.0/STM32CubeIDE/plugins/com.st.stm32cube.ide.mcu.externaltools.gnu-tools-for-stm32.12.3.rel1.win32_1.1.0.202410251130/tools/bin/../lib/gcc/arm-none-eabi/12.3.1/thumb/v8-m.main+fp/hard/crtend.o
LOAD C:/ST/STM32CubeIDE_1.17.0/STM32CubeIDE/plugins/com.st.stm32cube.ide.mcu.externaltools.gnu-tools-for-stm32.12.3.rel1.win32_1.1.0.202410251130/tools/bin/../lib/gcc/arm-none-eabi/12.3.1/thumb/v8-m.main+fp/hard/crtn.o
                0x200a0000                        _estack = (ORIGIN (RAM) + LENGTH (RAM))
                0x00000200                        _Min_Heap_Size = 0x200
                0x00000400                        _Min_Stack_Size = 0x400

.isr_vector     0x08000000      0x24c
                0x08000000                        . = ALIGN (0x4)
 *(.isr_vector)
 .isr_vector    0x08000000      0x24c ./Core/Startup/startup_stm32h563zitx.o
                0x08000000                g_pfnVectors
                0x0800024c                        . = ALIGN (0x4)

.text           0x0800024c     0x54c0
                0x0800024c                        . = ALIGN (0x4)
 *(.text)
 .text          0x0800024c       0x40 C:/ST/STM32CubeIDE_1.17.0/STM32CubeIDE/plugins/com.st.stm32cube.ide.mcu.externaltools.gnu-tools-for-stm32.12.3.rel1.win32_1.1.0.202410251130/tools/bin/../lib/gcc/arm-none-eabi/12.3.1/thumb/v8-m.main+fp/hard/crtbegin.o
 *(.text*)
 .text.MX_ADC1_Init
                0x0800028c       0xc8 ./Core/Src/adc.o
                0x0800028c                MX_ADC1_Init
 .text.HAL_ADC_MspInit
                0x08000354      0x110 ./Core/Src/adc.o
                0x08000354                HAL_ADC_MspInit
 .text.MX_GPIO_Init
                0x08000464       0x34 ./Core/Src/gpio.o
                0x08000464                MX_GPIO_Init
 .text.main     0x08000498       0x28 ./Core/Src/main.o
                0x08000498                main
 .text.SystemClock_Config
                0x080004c0       0xc0 ./Core/Src/main.o
                0x080004c0                SystemClock_Config
 .text.MX_NVIC_Init
                0x08000580       0x18 ./Core/Src/main.o
 .text.HAL_ADC_ConvCpltCallback
                0x08000598       0x38 ./Core/Src/main.o
                0x08000598                HAL_ADC_ConvCpltCallback
 .text.Error_Handler
                0x080005d0        0xc ./Core/Src/main.o
                0x080005d0                Error_Handler
 .text.HAL_MspInit
                0x080005dc        0xe ./Core/Src/stm32h5xx_hal_msp.o
                0x080005dc                HAL_MspInit
 .text.NMI_Handler
                0x080005ea        0x8 ./Core/Src/stm32h5xx_it.o
                0x080005ea                NMI_Handler
 .text.HardFault_Handler
                0x080005f2        0x8 ./Core/Src/stm32h5xx_it.o
                0x080005f2                HardFault_Handler
 .text.MemManage_Handler
                0x080005fa        0x8 ./Core/Src/stm32h5xx_it.o
                0x080005fa                MemManage_Handler
 .text.BusFault_Handler
                0x08000602        0x8 ./Core/Src/stm32h5xx_it.o
                0x08000602                BusFault_Handler
 .text.UsageFault_Handler
                0x0800060a        0x8 ./Core/Src/stm32h5xx_it.o
                0x0800060a                UsageFault_Handler
 .text.SVC_Handler
                0x08000612        0xe ./Core/Src/stm32h5xx_it.o
                0x08000612                SVC_Handler
 .text.DebugMon_Handler
                0x08000620        0xe ./Core/Src/stm32h5xx_it.o
                0x08000620                DebugMon_Handler
 .text.PendSV_Handler
                0x0800062e        0xe ./Core/Src/stm32h5xx_it.o
                0x0800062e                PendSV_Handler
 .text.SysTick_Handler
                0x0800063c        0xc ./Core/Src/stm32h5xx_it.o
                0x0800063c                SysTick_Handler
 .text.ADC1_IRQHandler
                0x08000648       0x14 ./Core/Src/stm32h5xx_it.o
                0x08000648                ADC1_IRQHandler
 .text.SystemInit
                0x0800065c       0xf8 ./Core/Src/system_stm32h5xx.o
                0x0800065c                SystemInit
 .text.Reset_Handler
                0x08000754       0x50 ./Core/Startup/startup_stm32h563zitx.o
                0x08000754                Reset_Handler
 .text.Default_Handler
                0x080007a4        0x2 ./Core/Startup/startup_stm32h563zitx.o
                0x080007a4                EXTI2_IRQHandler
                0x080007a4                TIM8_TRG_COM_IRQHandler
                0x080007a4                TIM8_CC_IRQHandler
                0x080007a4                EXTI5_IRQHandler
                0x080007a4                I3C1_ER_IRQHandler
                0x080007a4                UART8_IRQHandler
                0x080007a4                SPI4_IRQHandler
                0x080007a4                GPDMA2_Channel1_IRQHandler
                0x080007a4                FLASH_S_IRQHandler
                0x080007a4                EXTI13_IRQHandler
                0x080007a4                TIM1_CC_IRQHandler
                0x080007a4                GPDMA2_Channel3_IRQHandler
                0x080007a4                TAMP_IRQHandler
                0x080007a4                TIM6_IRQHandler
                0x080007a4                EXTI12_IRQHandler
                0x080007a4                CORDIC_IRQHandler
                0x080007a4                USB_DRD_FS_IRQHandler
                0x080007a4                EXTI3_IRQHandler
                0x080007a4                LPTIM4_IRQHandler
                0x080007a4                GPDMA1_Channel5_IRQHandler
                0x080007a4                EXTI8_IRQHandler
                0x080007a4                GPDMA2_Channel5_IRQHandler
                0x080007a4                LPTIM2_IRQHandler
                0x080007a4                I2C3_ER_IRQHandler
                0x080007a4                GPDMA2_Channel2_IRQHandler
                0x080007a4                USART10_IRQHandler
                0x080007a4                LPTIM3_IRQHandler
                0x080007a4                EXTI0_IRQHandler
                0x080007a4                I2C2_EV_IRQHandler
                0x080007a4                FPU_IRQHandler
                0x080007a4                GPDMA1_Channel3_IRQHandler
                0x080007a4                GPDMA1_Channel7_IRQHandler
                0x080007a4                FDCAN1_IT1_IRQHandler
                0x080007a4                RAMCFG_IRQHandler
                0x080007a4                DCACHE1_IRQHandler
                0x080007a4                SPI1_IRQHandler
                0x080007a4                OCTOSPI1_IRQHandler
                0x080007a4                GPDMA1_Channel2_IRQHandler
                0x080007a4                TIM8_UP_IRQHandler
                0x080007a4                RCC_S_IRQHandler
                0x080007a4                SAI2_IRQHandler
                0x080007a4                USART6_IRQHandler
                0x080007a4                EXTI15_IRQHandler
                0x080007a4                TIM17_IRQHandler
                0x080007a4                USART3_IRQHandler
                0x080007a4                RTC_IRQHandler
                0x080007a4                EXTI9_IRQHandler
                0x080007a4                LPTIM5_IRQHandler
                0x080007a4                UART5_IRQHandler
                0x080007a4                TIM4_IRQHandler
                0x080007a4                I2C1_EV_IRQHandler
                0x080007a4                GPDMA1_Channel1_IRQHandler
                0x080007a4                TIM16_IRQHandler
                0x080007a4                UART4_IRQHandler
                0x080007a4                SecureFault_Handler
                0x080007a4                TIM3_IRQHandler
                0x080007a4                RCC_IRQHandler
                0x080007a4                UART9_IRQHandler
                0x080007a4                TIM1_TRG_COM_IRQHandler
                0x080007a4                Default_Handler
                0x080007a4                FMAC_IRQHandler
                0x080007a4                CEC_IRQHandler
                0x080007a4                USART11_IRQHandler
                0x080007a4                TIM14_IRQHandler
                0x080007a4                TIM13_IRQHandler
                0x080007a4                GPDMA2_Channel4_IRQHandler
                0x080007a4                SPI5_IRQHandler
                0x080007a4                TIM12_IRQHandler
                0x080007a4                TIM7_IRQHandler
                0x080007a4                SDMMC1_IRQHandler
                0x080007a4                TIM5_IRQHandler
                0x080007a4                UCPD1_IRQHandler
                0x080007a4                GPDMA1_Channel0_IRQHandler
                0x080007a4                I3C1_EV_IRQHandler
                0x080007a4                TIM15_IRQHandler
                0x080007a4                PVD_AVD_IRQHandler
                0x080007a4                I2C3_EV_IRQHandler
                0x080007a4                ETH_WKUP_IRQHandler
                0x080007a4                ADC2_IRQHandler
                0x080007a4                SPI2_IRQHandler
                0x080007a4                EXTI14_IRQHandler
                0x080007a4                EXTI11_IRQHandler
                0x080007a4                CRS_IRQHandler
                0x080007a4                EXTI4_IRQHandler
                0x080007a4                GPDMA2_Channel0_IRQHandler
                0x080007a4                RTC_S_IRQHandler
                0x080007a4                RNG_IRQHandler
                0x080007a4                FDCAN2_IT1_IRQHandler
                0x080007a4                ETH_IRQHandler
                0x080007a4                GPDMA2_Channel6_IRQHandler
                0x080007a4                TIM1_UP_IRQHandler
                0x080007a4                UART12_IRQHandler
                0x080007a4                WWDG_IRQHandler
                0x080007a4                SPI6_IRQHandler
                0x080007a4                I2C4_EV_IRQHandler
                0x080007a4                FDCAN2_IT0_IRQHandler
                0x080007a4                IWDG_IRQHandler
                0x080007a4                LPUART1_IRQHandler
                0x080007a4                FDCAN1_IT0_IRQHandler
                0x080007a4                TIM2_IRQHandler
                0x080007a4                GPDMA1_Channel4_IRQHandler
                0x080007a4                EXTI7_IRQHandler
                0x080007a4                TIM1_BRK_IRQHandler
                0x080007a4                EXTI1_IRQHandler
                0x080007a4                SDMMC2_IRQHandler
                0x080007a4                LPTIM6_IRQHandler
                0x080007a4                DAC1_IRQHandler
                0x080007a4                DTS_IRQHandler
                0x080007a4                UART7_IRQHandler
                0x080007a4                GTZC_IRQHandler
                0x080007a4                USART2_IRQHandler
                0x080007a4                GPDMA1_Channel6_IRQHandler
                0x080007a4                GPDMA2_Channel7_IRQHandler
                0x080007a4                I2C2_ER_IRQHandler
                0x080007a4                TIM8_BRK_IRQHandler
                0x080007a4                FLASH_IRQHandler
                0x080007a4                USART1_IRQHandler
                0x080007a4                EXTI10_IRQHandler
                0x080007a4                SPI3_IRQHandler
                0x080007a4                I2C1_ER_IRQHandler
                0x080007a4                FMC_IRQHandler
                0x080007a4                EXTI6_IRQHandler
                0x080007a4                LPTIM1_IRQHandler
                0x080007a4                DCMI_PSSI_IRQHandler
                0x080007a4                I2C4_ER_IRQHandler
                0x080007a4                ICACHE_IRQHandler
                0x080007a4                SAI1_IRQHandler
                0x080007a4                HASH_IRQHandler
 *fill*         0x080007a6        0x2 
 .text.HAL_Init
                0x080007a8       0x50 ./Drivers/STM32H5xx_HAL_Driver/Src/stm32h5xx_hal.o
                0x080007a8                HAL_Init
 .text.HAL_InitTick
                0x080007f8       0xec ./Drivers/STM32H5xx_HAL_Driver/Src/stm32h5xx_hal.o
                0x080007f8                HAL_InitTick
 .text.HAL_IncTick
                0x080008e4       0x28 ./Drivers/STM32H5xx_HAL_Driver/Src/stm32h5xx_hal.o
                0x080008e4                HAL_IncTick
 .text.HAL_GetTick
                0x0800090c       0x18 ./Drivers/STM32H5xx_HAL_Driver/Src/stm32h5xx_hal.o
                0x0800090c                HAL_GetTick
 .text.LL_ADC_SetCommonClock
                0x08000924       0x26 ./Drivers/STM32H5xx_HAL_Driver/Src/stm32h5xx_hal_adc.o
 .text.LL_ADC_SetCommonPathInternalCh
                0x0800094a       0x26 ./Drivers/STM32H5xx_HAL_Driver/Src/stm32h5xx_hal_adc.o
 .text.LL_ADC_GetCommonPathInternalCh
                0x08000970       0x1c ./Drivers/STM32H5xx_HAL_Driver/Src/stm32h5xx_hal_adc.o
 .text.LL_ADC_EnableChannelVDDcore
                0x0800098c       0x24 ./Drivers/STM32H5xx_HAL_Driver/Src/stm32h5xx_hal_adc.o
 .text.LL_ADC_EnableChannel0_GPIO
                0x080009b0       0x28 ./Drivers/STM32H5xx_HAL_Driver/Src/stm32h5xx_hal_adc.o
 .text.LL_ADC_SetOffset
                0x080009d8       0x48 ./Drivers/STM32H5xx_HAL_Driver/Src/stm32h5xx_hal_adc.o
 .text.LL_ADC_GetOffsetChannel
                0x08000a20       0x2c ./Drivers/STM32H5xx_HAL_Driver/Src/stm32h5xx_hal_adc.o
 .text.LL_ADC_SetOffsetState
                0x08000a4c       0x36 ./Drivers/STM32H5xx_HAL_Driver/Src/stm32h5xx_hal_adc.o
 .text.LL_ADC_SetOffsetSign
                0x08000a82       0x36 ./Drivers/STM32H5xx_HAL_Driver/Src/stm32h5xx_hal_adc.o
 .text.LL_ADC_SetOffsetSaturation
                0x08000ab8       0x36 ./Drivers/STM32H5xx_HAL_Driver/Src/stm32h5xx_hal_adc.o
 .text.LL_ADC_SetSamplingTimeCommonConfig
                0x08000aee       0x26 ./Drivers/STM32H5xx_HAL_Driver/Src/stm32h5xx_hal_adc.o
 .text.LL_ADC_REG_IsTriggerSourceSWStart
                0x08000b14       0x26 ./Drivers/STM32H5xx_HAL_Driver/Src/stm32h5xx_hal_adc.o
 .text.LL_ADC_REG_SetSequencerRanks
                0x08000b3a       0x58 ./Drivers/STM32H5xx_HAL_Driver/Src/stm32h5xx_hal_adc.o
 .text.LL_ADC_INJ_IsTriggerSourceSWStart
                0x08000b92       0x26 ./Drivers/STM32H5xx_HAL_Driver/Src/stm32h5xx_hal_adc.o
 .text.LL_ADC_SetChannelSamplingTime
                0x08000bb8       0x56 ./Drivers/STM32H5xx_HAL_Driver/Src/stm32h5xx_hal_adc.o
 *fill*         0x08000c0e        0x2 
 .text.LL_ADC_SetChannelSingleDiff
                0x08000c10       0x48 ./Drivers/STM32H5xx_HAL_Driver/Src/stm32h5xx_hal_adc.o
 .text.LL_ADC_GetMultimode
                0x08000c58       0x1c ./Drivers/STM32H5xx_HAL_Driver/Src/stm32h5xx_hal_adc.o
 .text.LL_ADC_GetMultiDMATransfer
                0x08000c74       0x1c ./Drivers/STM32H5xx_HAL_Driver/Src/stm32h5xx_hal_adc.o
 .text.LL_ADC_DisableDeepPowerDown
                0x08000c90       0x24 ./Drivers/STM32H5xx_HAL_Driver/Src/stm32h5xx_hal_adc.o
 .text.LL_ADC_IsDeepPowerDownEnabled
                0x08000cb4       0x28 ./Drivers/STM32H5xx_HAL_Driver/Src/stm32h5xx_hal_adc.o
 .text.LL_ADC_EnableInternalRegulator
                0x08000cdc       0x28 ./Drivers/STM32H5xx_HAL_Driver/Src/stm32h5xx_hal_adc.o
 .text.LL_ADC_IsInternalRegulatorEnabled
                0x08000d04       0x28 ./Drivers/STM32H5xx_HAL_Driver/Src/stm32h5xx_hal_adc.o
 .text.LL_ADC_Enable
                0x08000d2c       0x28 ./Drivers/STM32H5xx_HAL_Driver/Src/stm32h5xx_hal_adc.o
 .text.LL_ADC_IsEnabled
                0x08000d54       0x26 ./Drivers/STM32H5xx_HAL_Driver/Src/stm32h5xx_hal_adc.o
 .text.LL_ADC_REG_StartConversion
                0x08000d7a       0x28 ./Drivers/STM32H5xx_HAL_Driver/Src/stm32h5xx_hal_adc.o
 .text.LL_ADC_REG_IsConversionOngoing
                0x08000da2       0x26 ./Drivers/STM32H5xx_HAL_Driver/Src/stm32h5xx_hal_adc.o
 .text.LL_ADC_INJ_IsConversionOngoing
                0x08000dc8       0x26 ./Drivers/STM32H5xx_HAL_Driver/Src/stm32h5xx_hal_adc.o
 *fill*         0x08000dee        0x2 
 .text.HAL_ADC_Init
                0x08000df0      0x2a8 ./Drivers/STM32H5xx_HAL_Driver/Src/stm32h5xx_hal_adc.o
                0x08000df0                HAL_ADC_Init
 .text.HAL_ADC_Start_IT
                0x08001098      0x25c ./Drivers/STM32H5xx_HAL_Driver/Src/stm32h5xx_hal_adc.o
                0x08001098                HAL_ADC_Start_IT
 .text.HAL_ADC_GetValue
                0x080012f4       0x1a ./Drivers/STM32H5xx_HAL_Driver/Src/stm32h5xx_hal_adc.o
                0x080012f4                HAL_ADC_GetValue
 *fill*         0x0800130e        0x2 
 .text.HAL_ADC_IRQHandler
                0x08001310      0x434 ./Drivers/STM32H5xx_HAL_Driver/Src/stm32h5xx_hal_adc.o
                0x08001310                HAL_ADC_IRQHandler
 .text.HAL_ADC_LevelOutOfWindowCallback
                0x08001744       0x14 ./Drivers/STM32H5xx_HAL_Driver/Src/stm32h5xx_hal_adc.o
                0x08001744                HAL_ADC_LevelOutOfWindowCallback
 .text.HAL_ADC_ErrorCallback
                0x08001758       0x14 ./Drivers/STM32H5xx_HAL_Driver/Src/stm32h5xx_hal_adc.o
                0x08001758                HAL_ADC_ErrorCallback
 .text.HAL_ADC_ConfigChannel
                0x0800176c      0x820 ./Drivers/STM32H5xx_HAL_Driver/Src/stm32h5xx_hal_adc.o
                0x0800176c                HAL_ADC_ConfigChannel
 .text.ADC_Enable
                0x08001f8c      0x104 ./Drivers/STM32H5xx_HAL_Driver/Src/stm32h5xx_hal_adc.o
                0x08001f8c                ADC_Enable
 .text.HAL_ADCEx_InjectedConvCpltCallback
                0x08002090       0x14 ./Drivers/STM32H5xx_HAL_Driver/Src/stm32h5xx_hal_adc_ex.o
                0x08002090                HAL_ADCEx_InjectedConvCpltCallback
 .text.HAL_ADCEx_InjectedQueueOverflowCallback
                0x080020a4       0x14 ./Drivers/STM32H5xx_HAL_Driver/Src/stm32h5xx_hal_adc_ex.o
                0x080020a4                HAL_ADCEx_InjectedQueueOverflowCallback
 .text.HAL_ADCEx_LevelOutOfWindow2Callback
                0x080020b8       0x14 ./Drivers/STM32H5xx_HAL_Driver/Src/stm32h5xx_hal_adc_ex.o
                0x080020b8                HAL_ADCEx_LevelOutOfWindow2Callback
 .text.HAL_ADCEx_LevelOutOfWindow3Callback
                0x080020cc       0x14 ./Drivers/STM32H5xx_HAL_Driver/Src/stm32h5xx_hal_adc_ex.o
                0x080020cc                HAL_ADCEx_LevelOutOfWindow3Callback
 .text.HAL_ADCEx_EndOfSamplingCallback
                0x080020e0       0x14 ./Drivers/STM32H5xx_HAL_Driver/Src/stm32h5xx_hal_adc_ex.o
                0x080020e0                HAL_ADCEx_EndOfSamplingCallback
 .text.__NVIC_SetPriorityGrouping
                0x080020f4       0x48 ./Drivers/STM32H5xx_HAL_Driver/Src/stm32h5xx_hal_cortex.o
 .text.__NVIC_GetPriorityGrouping
                0x0800213c       0x1c ./Drivers/STM32H5xx_HAL_Driver/Src/stm32h5xx_hal_cortex.o
 .text.__NVIC_EnableIRQ
                0x08002158       0x3c ./Drivers/STM32H5xx_HAL_Driver/Src/stm32h5xx_hal_cortex.o
 .text.__NVIC_SetPriority
                0x08002194       0x54 ./Drivers/STM32H5xx_HAL_Driver/Src/stm32h5xx_hal_cortex.o
 .text.NVIC_EncodePriority
                0x080021e8       0x66 ./Drivers/STM32H5xx_HAL_Driver/Src/stm32h5xx_hal_cortex.o
 .text.HAL_NVIC_SetPriorityGrouping
                0x0800224e       0x16 ./Drivers/STM32H5xx_HAL_Driver/Src/stm32h5xx_hal_cortex.o
                0x0800224e                HAL_NVIC_SetPriorityGrouping
 .text.HAL_NVIC_SetPriority
                0x08002264       0x34 ./Drivers/STM32H5xx_HAL_Driver/Src/stm32h5xx_hal_cortex.o
                0x08002264                HAL_NVIC_SetPriority
 .text.HAL_NVIC_EnableIRQ
                0x08002298       0x1c ./Drivers/STM32H5xx_HAL_Driver/Src/stm32h5xx_hal_cortex.o
                0x08002298                HAL_NVIC_EnableIRQ
 .text.HAL_SYSTICK_Config
                0x080022b4       0x44 ./Drivers/STM32H5xx_HAL_Driver/Src/stm32h5xx_hal_cortex.o
                0x080022b4                HAL_SYSTICK_Config
 .text.HAL_SYSTICK_CLKSourceConfig
                0x080022f8       0xb0 ./Drivers/STM32H5xx_HAL_Driver/Src/stm32h5xx_hal_cortex.o
                0x080022f8                HAL_SYSTICK_CLKSourceConfig
 .text.HAL_SYSTICK_GetCLKSourceConfig
                0x080023a8       0x6c ./Drivers/STM32H5xx_HAL_Driver/Src/stm32h5xx_hal_cortex.o
                0x080023a8                HAL_SYSTICK_GetCLKSourceConfig
 .text.HAL_GPIO_Init
                0x08002414      0x2a4 ./Drivers/STM32H5xx_HAL_Driver/Src/stm32h5xx_hal_gpio.o
                0x08002414                HAL_GPIO_Init
 .text.HAL_RCC_OscConfig
                0x080026b8      0x870 ./Drivers/STM32H5xx_HAL_Driver/Src/stm32h5xx_hal_rcc.o
                0x080026b8                HAL_RCC_OscConfig
 .text.HAL_RCC_ClockConfig
                0x08002f28      0x370 ./Drivers/STM32H5xx_HAL_Driver/Src/stm32h5xx_hal_rcc.o
                0x08002f28                HAL_RCC_ClockConfig
 .text.HAL_RCC_GetSysClockFreq
                0x08003298      0x258 ./Drivers/STM32H5xx_HAL_Driver/Src/stm32h5xx_hal_rcc.o
                0x08003298                HAL_RCC_GetSysClockFreq
 .text.HAL_RCC_GetHCLKFreq
                0x080034f0       0x38 ./Drivers/STM32H5xx_HAL_Driver/Src/stm32h5xx_hal_rcc.o
                0x080034f0                HAL_RCC_GetHCLKFreq
 .text.HAL_RCCEx_PeriphCLKConfig
                0x08003528     0x1f14 ./Drivers/STM32H5xx_HAL_Driver/Src/stm32h5xx_hal_rcc_ex.o
                0x08003528                HAL_RCCEx_PeriphCLKConfig
 .text.RCCEx_PLL2_Config
                0x0800543c      0x130 ./Drivers/STM32H5xx_HAL_Driver/Src/stm32h5xx_hal_rcc_ex.o
 .text.RCCEx_PLL3_Config
                0x0800556c      0x130 ./Drivers/STM32H5xx_HAL_Driver/Src/stm32h5xx_hal_rcc_ex.o
 .text.memset   0x0800569c       0x10 C:/ST/STM32CubeIDE_1.17.0/STM32CubeIDE/plugins/com.st.stm32cube.ide.mcu.externaltools.gnu-tools-for-stm32.12.3.rel1.win32_1.1.0.202410251130/tools/bin/../lib/gcc/arm-none-eabi/12.3.1/../../../../arm-none-eabi/lib/thumb/v8-m.main+fp/hard\libc_nano.a(libc_a-memset.o)
                0x0800569c                memset
 .text.__libc_init_array
                0x080056ac       0x48 C:/ST/STM32CubeIDE_1.17.0/STM32CubeIDE/plugins/com.st.stm32cube.ide.mcu.externaltools.gnu-tools-for-stm32.12.3.rel1.win32_1.1.0.202410251130/tools/bin/../lib/gcc/arm-none-eabi/12.3.1/../../../../arm-none-eabi/lib/thumb/v8-m.main+fp/hard\libc_nano.a(libc_a-init.o)
                0x080056ac                __libc_init_array
 *(.glue_7)
 .glue_7        0x080056f4        0x0 linker stubs
 *(.glue_7t)
 .glue_7t       0x080056f4        0x0 linker stubs
 *(.eh_frame)
 .eh_frame      0x080056f4        0x0 C:/ST/STM32CubeIDE_1.17.0/STM32CubeIDE/plugins/com.st.stm32cube.ide.mcu.externaltools.gnu-tools-for-stm32.12.3.rel1.win32_1.1.0.202410251130/tools/bin/../lib/gcc/arm-none-eabi/12.3.1/thumb/v8-m.main+fp/hard/crtbegin.o
 *(.init)
 .init          0x080056f4        0x4 C:/ST/STM32CubeIDE_1.17.0/STM32CubeIDE/plugins/com.st.stm32cube.ide.mcu.externaltools.gnu-tools-for-stm32.12.3.rel1.win32_1.1.0.202410251130/tools/bin/../lib/gcc/arm-none-eabi/12.3.1/thumb/v8-m.main+fp/hard/crti.o
                0x080056f4                _init
 .init          0x080056f8        0x8 C:/ST/STM32CubeIDE_1.17.0/STM32CubeIDE/plugins/com.st.stm32cube.ide.mcu.externaltools.gnu-tools-for-stm32.12.3.rel1.win32_1.1.0.202410251130/tools/bin/../lib/gcc/arm-none-eabi/12.3.1/thumb/v8-m.main+fp/hard/crtn.o
 *(.fini)
 .fini          0x08005700        0x4 C:/ST/STM32CubeIDE_1.17.0/STM32CubeIDE/plugins/com.st.stm32cube.ide.mcu.externaltools.gnu-tools-for-stm32.12.3.rel1.win32_1.1.0.202410251130/tools/bin/../lib/gcc/arm-none-eabi/12.3.1/thumb/v8-m.main+fp/hard/crti.o
                0x08005700                _fini
 .fini          0x08005704        0x8 C:/ST/STM32CubeIDE_1.17.0/STM32CubeIDE/plugins/com.st.stm32cube.ide.mcu.externaltools.gnu-tools-for-stm32.12.3.rel1.win32_1.1.0.202410251130/tools/bin/../lib/gcc/arm-none-eabi/12.3.1/thumb/v8-m.main+fp/hard/crtn.o
                0x0800570c                        . = ALIGN (0x4)
                0x0800570c                        _etext = .

.vfp11_veneer   0x0800570c        0x0
 .vfp11_veneer  0x0800570c        0x0 linker stubs

.v4_bx          0x0800570c        0x0
 .v4_bx         0x0800570c        0x0 linker stubs

.iplt           0x0800570c        0x0
 .iplt          0x0800570c        0x0 C:/ST/STM32CubeIDE_1.17.0/STM32CubeIDE/plugins/com.st.stm32cube.ide.mcu.externaltools.gnu-tools-for-stm32.12.3.rel1.win32_1.1.0.202410251130/tools/bin/../lib/gcc/arm-none-eabi/12.3.1/thumb/v8-m.main+fp/hard/crtbegin.o

.rodata         0x0800570c       0x10
                0x0800570c                        . = ALIGN (0x4)
 *(.rodata)
 *(.rodata*)
 .rodata.AHBPrescTable
                0x0800570c       0x10 ./Core/Src/system_stm32h5xx.o
                0x0800570c                AHBPrescTable
                0x0800571c                        . = ALIGN (0x4)

.ARM.extab      0x0800571c        0x0
                0x0800571c                        . = ALIGN (0x4)
 *(.ARM.extab* .gnu.linkonce.armextab.*)
                0x0800571c                        . = ALIGN (0x4)

.ARM            0x0800571c        0x0
                0x0800571c                        . = ALIGN (0x4)
                0x0800571c                        __exidx_start = .
 *(.ARM.exidx*)
                0x0800571c                        __exidx_end = .
                0x0800571c                        . = ALIGN (0x4)

.preinit_array  0x0800571c        0x0
                0x0800571c                        . = ALIGN (0x4)
                0x0800571c                        PROVIDE (__preinit_array_start = .)
 *(.preinit_array*)
                0x0800571c                        PROVIDE (__preinit_array_end = .)
                0x0800571c                        . = ALIGN (0x4)

.init_array     0x0800571c        0x4
                0x0800571c                        . = ALIGN (0x4)
                0x0800571c                        PROVIDE (__init_array_start = .)
 *(SORT_BY_NAME(.init_array.*))
 *(.init_array*)
 .init_array    0x0800571c        0x4 C:/ST/STM32CubeIDE_1.17.0/STM32CubeIDE/plugins/com.st.stm32cube.ide.mcu.externaltools.gnu-tools-for-stm32.12.3.rel1.win32_1.1.0.202410251130/tools/bin/../lib/gcc/arm-none-eabi/12.3.1/thumb/v8-m.main+fp/hard/crtbegin.o
                0x08005720                        PROVIDE (__init_array_end = .)
                0x08005720                        . = ALIGN (0x4)

.fini_array     0x08005720        0x4
                0x08005720                        . = ALIGN (0x4)
                [!provide]                        PROVIDE (__fini_array_start = .)
 *(SORT_BY_NAME(.fini_array.*))
 *(.fini_array*)
 .fini_array    0x08005720        0x4 C:/ST/STM32CubeIDE_1.17.0/STM32CubeIDE/plugins/com.st.stm32cube.ide.mcu.externaltools.gnu-tools-for-stm32.12.3.rel1.win32_1.1.0.202410251130/tools/bin/../lib/gcc/arm-none-eabi/12.3.1/thumb/v8-m.main+fp/hard/crtbegin.o
                [!provide]                        PROVIDE (__fini_array_end = .)
                0x08005724                        . = ALIGN (0x4)
                0x08005724                        _sidata = LOADADDR (.data)

.rel.dyn        0x08005724        0x0
 .rel.iplt      0x08005724        0x0 C:/ST/STM32CubeIDE_1.17.0/STM32CubeIDE/plugins/com.st.stm32cube.ide.mcu.externaltools.gnu-tools-for-stm32.12.3.rel1.win32_1.1.0.202410251130/tools/bin/../lib/gcc/arm-none-eabi/12.3.1/thumb/v8-m.main+fp/hard/crtbegin.o

.data           0x20000000        0xc load address 0x08005724
                0x20000000                        . = ALIGN (0x4)
                0x20000000                        _sdata = .
 *(.data)
 *(.data*)
 .data.SystemCoreClock
                0x20000000        0x4 ./Core/Src/system_stm32h5xx.o
                0x20000000                SystemCoreClock
 .data.uwTickPrio
                0x20000004        0x4 ./Drivers/STM32H5xx_HAL_Driver/Src/stm32h5xx_hal.o
                0x20000004                uwTickPrio
 .data.uwTickFreq
                0x20000008        0x1 ./Drivers/STM32H5xx_HAL_Driver/Src/stm32h5xx_hal.o
                0x20000008                uwTickFreq
 *(.RamFunc)
 *(.RamFunc*)
                0x2000000c                        . = ALIGN (0x4)
 *fill*         0x20000009        0x3 
                0x2000000c                        _edata = .

.igot.plt       0x2000000c        0x0 load address 0x08005730
 .igot.plt      0x2000000c        0x0 C:/ST/STM32CubeIDE_1.17.0/STM32CubeIDE/plugins/com.st.stm32cube.ide.mcu.externaltools.gnu-tools-for-stm32.12.3.rel1.win32_1.1.0.202410251130/tools/bin/../lib/gcc/arm-none-eabi/12.3.1/thumb/v8-m.main+fp/hard/crtbegin.o
                0x2000000c                        . = ALIGN (0x4)

.bss            0x2000000c       0x8c load address 0x08005730
                0x2000000c                        _sbss = .
                0x2000000c                        __bss_start__ = _sbss
 *(.bss)
 .bss           0x2000000c       0x1c C:/ST/STM32CubeIDE_1.17.0/STM32CubeIDE/plugins/com.st.stm32cube.ide.mcu.externaltools.gnu-tools-for-stm32.12.3.rel1.win32_1.1.0.202410251130/tools/bin/../lib/gcc/arm-none-eabi/12.3.1/thumb/v8-m.main+fp/hard/crtbegin.o
 *(.bss*)
 .bss.hadc1     0x20000028       0x68 ./Core/Src/adc.o
                0x20000028                hadc1
 .bss.AdcValue  0x20000090        0x2 ./Core/Src/main.o
                0x20000090                AdcValue
 *fill*         0x20000092        0x2 
 .bss.uwTick    0x20000094        0x4 ./Drivers/STM32H5xx_HAL_Driver/Src/stm32h5xx_hal.o
                0x20000094                uwTick
 *(COMMON)
                0x20000098                        . = ALIGN (0x4)
                0x20000098                        _ebss = .
                0x20000098                        __bss_end__ = _ebss

._user_heap_stack
                0x20000098      0x600 load address 0x08005730
                0x20000098                        . = ALIGN (0x8)
                [!provide]                        PROVIDE (end = .)
                0x20000098                        PROVIDE (_end = .)
                0x20000298                        . = (. + _Min_Heap_Size)
 *fill*         0x20000098      0x200 
                0x20000698                        . = (. + _Min_Stack_Size)
 *fill*         0x20000298      0x400 
                0x20000698                        . = ALIGN (0x8)

/DISCARD/
 libc.a(*)
 libm.a(*)
 libgcc.a(*)

.ARM.attributes
                0x00000000       0x36
 *(.ARM.attributes)
 .ARM.attributes
                0x00000000       0x26 C:/ST/STM32CubeIDE_1.17.0/STM32CubeIDE/plugins/com.st.stm32cube.ide.mcu.externaltools.gnu-tools-for-stm32.12.3.rel1.win32_1.1.0.202410251130/tools/bin/../lib/gcc/arm-none-eabi/12.3.1/thumb/v8-m.main+fp/hard/crti.o
 .ARM.attributes
                0x00000026       0x38 C:/ST/STM32CubeIDE_1.17.0/STM32CubeIDE/plugins/com.st.stm32cube.ide.mcu.externaltools.gnu-tools-for-stm32.12.3.rel1.win32_1.1.0.202410251130/tools/bin/../lib/gcc/arm-none-eabi/12.3.1/thumb/v8-m.main+fp/hard/crtbegin.o
 .ARM.attributes
                0x0000005e       0x3a ./Core/Src/adc.o
 .ARM.attributes
                0x00000098       0x3a ./Core/Src/gpio.o
 .ARM.attributes
                0x000000d2       0x3a ./Core/Src/main.o
 .ARM.attributes
                0x0000010c       0x3a ./Core/Src/stm32h5xx_hal_msp.o
 .ARM.attributes
                0x00000146       0x3a ./Core/Src/stm32h5xx_it.o
 .ARM.attributes
                0x00000180       0x3a ./Core/Src/system_stm32h5xx.o
 .ARM.attributes
                0x000001ba       0x24 ./Core/Startup/startup_stm32h563zitx.o
 .ARM.attributes
                0x000001de       0x3a ./Drivers/STM32H5xx_HAL_Driver/Src/stm32h5xx_hal.o
 .ARM.attributes
                0x00000218       0x3a ./Drivers/STM32H5xx_HAL_Driver/Src/stm32h5xx_hal_adc.o
 .ARM.attributes
                0x00000252       0x3a ./Drivers/STM32H5xx_HAL_Driver/Src/stm32h5xx_hal_adc_ex.o
 .ARM.attributes
                0x0000028c       0x3a ./Drivers/STM32H5xx_HAL_Driver/Src/stm32h5xx_hal_cortex.o
 .ARM.attributes
                0x000002c6       0x3a ./Drivers/STM32H5xx_HAL_Driver/Src/stm32h5xx_hal_gpio.o
 .ARM.attributes
                0x00000300       0x3a ./Drivers/STM32H5xx_HAL_Driver/Src/stm32h5xx_hal_rcc.o
 .ARM.attributes
                0x0000033a       0x3a ./Drivers/STM32H5xx_HAL_Driver/Src/stm32h5xx_hal_rcc_ex.o
 .ARM.attributes
                0x00000374       0x38 C:/ST/STM32CubeIDE_1.17.0/STM32CubeIDE/plugins/com.st.stm32cube.ide.mcu.externaltools.gnu-tools-for-stm32.12.3.rel1.win32_1.1.0.202410251130/tools/bin/../lib/gcc/arm-none-eabi/12.3.1/../../../../arm-none-eabi/lib/thumb/v8-m.main+fp/hard\libc_nano.a(libc_a-memset.o)
 .ARM.attributes
                0x000003ac       0x38 C:/ST/STM32CubeIDE_1.17.0/STM32CubeIDE/plugins/com.st.stm32cube.ide.mcu.externaltools.gnu-tools-for-stm32.12.3.rel1.win32_1.1.0.202410251130/tools/bin/../lib/gcc/arm-none-eabi/12.3.1/../../../../arm-none-eabi/lib/thumb/v8-m.main+fp/hard\libc_nano.a(libc_a-init.o)
 .ARM.attributes
                0x000003e4       0x26 C:/ST/STM32CubeIDE_1.17.0/STM32CubeIDE/plugins/com.st.stm32cube.ide.mcu.externaltools.gnu-tools-for-stm32.12.3.rel1.win32_1.1.0.202410251130/tools/bin/../lib/gcc/arm-none-eabi/12.3.1/thumb/v8-m.main+fp/hard/crtn.o
OUTPUT(04_ADC_IT.elf elf32-littlearm)
LOAD linker stubs
LOAD C:/ST/STM32CubeIDE_1.17.0/STM32CubeIDE/plugins/com.st.stm32cube.ide.mcu.externaltools.gnu-tools-for-stm32.12.3.rel1.win32_1.1.0.202410251130/tools/bin/../lib/gcc/arm-none-eabi/12.3.1/../../../../arm-none-eabi/lib/thumb/v8-m.main+fp/hard\libc.a
LOAD C:/ST/STM32CubeIDE_1.17.0/STM32CubeIDE/plugins/com.st.stm32cube.ide.mcu.externaltools.gnu-tools-for-stm32.12.3.rel1.win32_1.1.0.202410251130/tools/bin/../lib/gcc/arm-none-eabi/12.3.1/../../../../arm-none-eabi/lib/thumb/v8-m.main+fp/hard\libm.a
LOAD C:/ST/STM32CubeIDE_1.17.0/STM32CubeIDE/plugins/com.st.stm32cube.ide.mcu.externaltools.gnu-tools-for-stm32.12.3.rel1.win32_1.1.0.202410251130/tools/bin/../lib/gcc/arm-none-eabi/12.3.1/thumb/v8-m.main+fp/hard\libgcc.a

.debug_info     0x00000000     0xe20d
 .debug_info    0x00000000     0x1794 ./Core/Src/adc.o
 .debug_info    0x00001794      0x404 ./Core/Src/gpio.o
 .debug_info    0x00001b98     0x15cd ./Core/Src/main.o
 .debug_info    0x00003165       0x9f ./Core/Src/stm32h5xx_hal_msp.o
 .debug_info    0x00003204      0x9fa ./Core/Src/stm32h5xx_it.o
 .debug_info    0x00003bfe      0xd8e ./Core/Src/system_stm32h5xx.o
 .debug_info    0x0000498c       0x30 ./Core/Startup/startup_stm32h563zitx.o
 .debug_info    0x000049bc     0x139f ./Drivers/STM32H5xx_HAL_Driver/Src/stm32h5xx_hal.o
 .debug_info    0x00005d5b     0x237e ./Drivers/STM32H5xx_HAL_Driver/Src/stm32h5xx_hal_adc.o
 .debug_info    0x000080d9     0x20b0 ./Drivers/STM32H5xx_HAL_Driver/Src/stm32h5xx_hal_adc_ex.o
 .debug_info    0x0000a189     0x1658 ./Drivers/STM32H5xx_HAL_Driver/Src/stm32h5xx_hal_cortex.o
 .debug_info    0x0000b7e1      0x6b6 ./Drivers/STM32H5xx_HAL_Driver/Src/stm32h5xx_hal_gpio.o
 .debug_info    0x0000be97     0x109f ./Drivers/STM32H5xx_HAL_Driver/Src/stm32h5xx_hal_rcc.o
 .debug_info    0x0000cf36     0x12d7 ./Drivers/STM32H5xx_HAL_Driver/Src/stm32h5xx_hal_rcc_ex.o

.debug_abbrev   0x00000000     0x1ad2
 .debug_abbrev  0x00000000      0x228 ./Core/Src/adc.o
 .debug_abbrev  0x00000228       0xde ./Core/Src/gpio.o
 .debug_abbrev  0x00000306      0x282 ./Core/Src/main.o
 .debug_abbrev  0x00000588       0x45 ./Core/Src/stm32h5xx_hal_msp.o
 .debug_abbrev  0x000005cd      0x17c ./Core/Src/stm32h5xx_it.o
 .debug_abbrev  0x00000749      0x13a ./Core/Src/system_stm32h5xx.o
 .debug_abbrev  0x00000883       0x24 ./Core/Startup/startup_stm32h563zitx.o
 .debug_abbrev  0x000008a7      0x2af ./Drivers/STM32H5xx_HAL_Driver/Src/stm32h5xx_hal.o
 .debug_abbrev  0x00000b56      0x2b9 ./Drivers/STM32H5xx_HAL_Driver/Src/stm32h5xx_hal_adc.o
 .debug_abbrev  0x00000e0f      0x2de ./Drivers/STM32H5xx_HAL_Driver/Src/stm32h5xx_hal_adc_ex.o
 .debug_abbrev  0x000010ed      0x311 ./Drivers/STM32H5xx_HAL_Driver/Src/stm32h5xx_hal_cortex.o
 .debug_abbrev  0x000013fe      0x1db ./Drivers/STM32H5xx_HAL_Driver/Src/stm32h5xx_hal_gpio.o
 .debug_abbrev  0x000015d9      0x290 ./Drivers/STM32H5xx_HAL_Driver/Src/stm32h5xx_hal_rcc.o
 .debug_abbrev  0x00001869      0x269 ./Drivers/STM32H5xx_HAL_Driver/Src/stm32h5xx_hal_rcc_ex.o

.debug_aranges  0x00000000      0xaf0
 .debug_aranges
                0x00000000       0x30 ./Core/Src/adc.o
 .debug_aranges
                0x00000030       0x20 ./Core/Src/gpio.o
 .debug_aranges
                0x00000050       0x40 ./Core/Src/main.o
 .debug_aranges
                0x00000090       0x20 ./Core/Src/stm32h5xx_hal_msp.o
 .debug_aranges
                0x000000b0       0x68 ./Core/Src/stm32h5xx_it.o
 .debug_aranges
                0x00000118       0x28 ./Core/Src/system_stm32h5xx.o
 .debug_aranges
                0x00000140       0x28 ./Core/Startup/startup_stm32h563zitx.o
 .debug_aranges
                0x00000168      0x200 ./Drivers/STM32H5xx_HAL_Driver/Src/stm32h5xx_hal.o
 .debug_aranges
                0x00000368      0x258 ./Drivers/STM32H5xx_HAL_Driver/Src/stm32h5xx_hal_adc.o
 .debug_aranges
                0x000005c0      0x1d0 ./Drivers/STM32H5xx_HAL_Driver/Src/stm32h5xx_hal_adc_ex.o
 .debug_aranges
                0x00000790      0x140 ./Drivers/STM32H5xx_HAL_Driver/Src/stm32h5xx_hal_cortex.o
 .debug_aranges
                0x000008d0       0x78 ./Drivers/STM32H5xx_HAL_Driver/Src/stm32h5xx_hal_gpio.o
 .debug_aranges
                0x00000948       0xa0 ./Drivers/STM32H5xx_HAL_Driver/Src/stm32h5xx_hal_rcc.o
 .debug_aranges
                0x000009e8      0x108 ./Drivers/STM32H5xx_HAL_Driver/Src/stm32h5xx_hal_rcc_ex.o

.debug_rnglists
                0x00000000      0x82a
 .debug_rnglists
                0x00000000       0x21 ./Core/Src/adc.o
 .debug_rnglists
                0x00000021       0x13 ./Core/Src/gpio.o
 .debug_rnglists
                0x00000034       0x2c ./Core/Src/main.o
 .debug_rnglists
                0x00000060       0x13 ./Core/Src/stm32h5xx_hal_msp.o
 .debug_rnglists
                0x00000073       0x49 ./Core/Src/stm32h5xx_it.o
 .debug_rnglists
                0x000000bc       0x1b ./Core/Src/system_stm32h5xx.o
 .debug_rnglists
                0x000000d7       0x19 ./Core/Startup/startup_stm32h563zitx.o
 .debug_rnglists
                0x000000f0      0x17d ./Drivers/STM32H5xx_HAL_Driver/Src/stm32h5xx_hal.o
 .debug_rnglists
                0x0000026d      0x1cc ./Drivers/STM32H5xx_HAL_Driver/Src/stm32h5xx_hal_adc.o
 .debug_rnglists
                0x00000439      0x166 ./Drivers/STM32H5xx_HAL_Driver/Src/stm32h5xx_hal_adc_ex.o
 .debug_rnglists
                0x0000059f       0xec ./Drivers/STM32H5xx_HAL_Driver/Src/stm32h5xx_hal_cortex.o
 .debug_rnglists
                0x0000068b       0x57 ./Drivers/STM32H5xx_HAL_Driver/Src/stm32h5xx_hal_gpio.o
 .debug_rnglists
                0x000006e2       0x79 ./Drivers/STM32H5xx_HAL_Driver/Src/stm32h5xx_hal_rcc.o
 .debug_rnglists
                0x0000075b       0xcf ./Drivers/STM32H5xx_HAL_Driver/Src/stm32h5xx_hal_rcc_ex.o

.debug_macro    0x00000000    0x31325
 .debug_macro   0x00000000      0x27c ./Core/Src/adc.o
 .debug_macro   0x0000027c      0xaba ./Core/Src/adc.o
 .debug_macro   0x00000d36      0x1c4 ./Core/Src/adc.o
 .debug_macro   0x00000efa       0x22 ./Core/Src/adc.o
 .debug_macro   0x00000f1c       0x5b ./Core/Src/adc.o
 .debug_macro   0x00000f77       0x2a ./Core/Src/adc.o
 .debug_macro   0x00000fa1       0x94 ./Core/Src/adc.o
 .debug_macro   0x00001035       0x43 ./Core/Src/adc.o
 .debug_macro   0x00001078       0x34 ./Core/Src/adc.o
 .debug_macro   0x000010ac      0x189 ./Core/Src/adc.o
 .debug_macro   0x00001235       0x16 ./Core/Src/adc.o
 .debug_macro   0x0000124b       0x43 ./Core/Src/adc.o
 .debug_macro   0x0000128e       0x57 ./Core/Src/adc.o
 .debug_macro   0x000012e5       0x34 ./Core/Src/adc.o
 .debug_macro   0x00001319       0x10 ./Core/Src/adc.o
 .debug_macro   0x00001329       0x58 ./Core/Src/adc.o
 .debug_macro   0x00001381       0x8e ./Core/Src/adc.o
 .debug_macro   0x0000140f       0x1c ./Core/Src/adc.o
 .debug_macro   0x0000142b      0x177 ./Core/Src/adc.o
 .debug_macro   0x000015a2      0x369 ./Core/Src/adc.o
 .debug_macro   0x0000190b      0x19b ./Core/Src/adc.o
 .debug_macro   0x00001aa6       0x28 ./Core/Src/adc.o
 .debug_macro   0x00001ace       0x49 ./Core/Src/adc.o
 .debug_macro   0x00001b17      0x103 ./Core/Src/adc.o
 .debug_macro   0x00001c1a       0x6a ./Core/Src/adc.o
 .debug_macro   0x00001c84      0x1df ./Core/Src/adc.o
 .debug_macro   0x00001e63       0x1c ./Core/Src/adc.o
 .debug_macro   0x00001e7f       0x29 ./Core/Src/adc.o
 .debug_macro   0x00001ea8       0xfb ./Core/Src/adc.o
 .debug_macro   0x00001fa3     0x1685 ./Core/Src/adc.o
 .debug_macro   0x00003628       0x5e ./Core/Src/adc.o
 .debug_macro   0x00003686    0x211d5 ./Core/Src/adc.o
 .debug_macro   0x0002485b       0x6d ./Core/Src/adc.o
 .debug_macro   0x000248c8     0x388a ./Core/Src/adc.o
 .debug_macro   0x00028152       0x63 ./Core/Src/adc.o
 .debug_macro   0x000281b5     0x1f0d ./Core/Src/adc.o
 .debug_macro   0x0002a0c2      0xe96 ./Core/Src/adc.o
 .debug_macro   0x0002af58      0x166 ./Core/Src/adc.o
 .debug_macro   0x0002b0be      0x307 ./Core/Src/adc.o
 .debug_macro   0x0002b3c5      0x917 ./Core/Src/adc.o
 .debug_macro   0x0002bcdc      0x478 ./Core/Src/adc.o
 .debug_macro   0x0002c154       0xd6 ./Core/Src/adc.o
 .debug_macro   0x0002c22a      0x1cd ./Core/Src/adc.o
 .debug_macro   0x0002c3f7      0xf82 ./Core/Src/adc.o
 .debug_macro   0x0002d379      0x671 ./Core/Src/adc.o
 .debug_macro   0x0002d9ea      0x30c ./Core/Src/adc.o
 .debug_macro   0x0002dcf6      0x55b ./Core/Src/adc.o
 .debug_macro   0x0002e251      0x638 ./Core/Src/adc.o
 .debug_macro   0x0002e889       0x7b ./Core/Src/adc.o
 .debug_macro   0x0002e904      0x313 ./Core/Src/adc.o
 .debug_macro   0x0002ec17      0x1bb ./Core/Src/adc.o
 .debug_macro   0x0002edd2      0x2a7 ./Core/Src/adc.o
 .debug_macro   0x0002f079      0x47e ./Core/Src/adc.o
 .debug_macro   0x0002f4f7      0x27c ./Core/Src/gpio.o
 .debug_macro   0x0002f773      0x294 ./Core/Src/main.o
 .debug_macro   0x0002fa07      0x272 ./Core/Src/stm32h5xx_hal_msp.o
 .debug_macro   0x0002fc79      0x27c ./Core/Src/stm32h5xx_it.o
 .debug_macro   0x0002fef5      0x26f ./Core/Src/system_stm32h5xx.o
 .debug_macro   0x00030164      0x29e ./Drivers/STM32H5xx_HAL_Driver/Src/stm32h5xx_hal.o
 .debug_macro   0x00030402      0x285 ./Drivers/STM32H5xx_HAL_Driver/Src/stm32h5xx_hal_adc.o
 .debug_macro   0x00030687      0x274 ./Drivers/STM32H5xx_HAL_Driver/Src/stm32h5xx_hal_adc_ex.o
 .debug_macro   0x000308fb      0x268 ./Drivers/STM32H5xx_HAL_Driver/Src/stm32h5xx_hal_cortex.o
 .debug_macro   0x00030b63      0x29e ./Drivers/STM32H5xx_HAL_Driver/Src/stm32h5xx_hal_gpio.o
 .debug_macro   0x00030e01      0x2aa ./Drivers/STM32H5xx_HAL_Driver/Src/stm32h5xx_hal_rcc.o
 .debug_macro   0x000310ab      0x27a ./Drivers/STM32H5xx_HAL_Driver/Src/stm32h5xx_hal_rcc_ex.o

.debug_line     0x00000000     0xdfaf
 .debug_line    0x00000000      0x905 ./Core/Src/adc.o
 .debug_line    0x00000905      0x859 ./Core/Src/gpio.o
 .debug_line    0x0000115e      0x942 ./Core/Src/main.o
 .debug_line    0x00001aa0      0x859 ./Core/Src/stm32h5xx_hal_msp.o
 .debug_line    0x000022f9      0x938 ./Core/Src/stm32h5xx_it.o
 .debug_line    0x00002c31      0x9df ./Core/Src/system_stm32h5xx.o
 .debug_line    0x00003610       0x7b ./Core/Startup/startup_stm32h563zitx.o
 .debug_line    0x0000368b      0xf66 ./Drivers/STM32H5xx_HAL_Driver/Src/stm32h5xx_hal.o
 .debug_line    0x000045f1     0x219f ./Drivers/STM32H5xx_HAL_Driver/Src/stm32h5xx_hal_adc.o
 .debug_line    0x00006790     0x1bf4 ./Drivers/STM32H5xx_HAL_Driver/Src/stm32h5xx_hal_adc_ex.o
 .debug_line    0x00008384      0xece ./Drivers/STM32H5xx_HAL_Driver/Src/stm32h5xx_hal_cortex.o
 .debug_line    0x00009252      0xc5a ./Drivers/STM32H5xx_HAL_Driver/Src/stm32h5xx_hal_gpio.o
 .debug_line    0x00009eac     0x12d9 ./Drivers/STM32H5xx_HAL_Driver/Src/stm32h5xx_hal_rcc.o
 .debug_line    0x0000b185     0x2e2a ./Drivers/STM32H5xx_HAL_Driver/Src/stm32h5xx_hal_rcc_ex.o

.debug_str      0x00000000   0x13cb28
 .debug_str     0x00000000   0x139466 ./Core/Src/adc.o
                             0x139b82 (size before relaxing)
 .debug_str     0x00139466       0x2c ./Core/Src/gpio.o
                             0x1387e1 (size before relaxing)
 .debug_str     0x00139492      0x543 ./Core/Src/main.o
                             0x1398f1 (size before relaxing)
 .debug_str     0x001399d5       0x2c ./Core/Src/stm32h5xx_hal_msp.o
                             0x13859a (size before relaxing)
 .debug_str     0x00139a01       0xec ./Core/Src/stm32h5xx_it.o
                             0x138cca (size before relaxing)
 .debug_str     0x00139aed      0x1c7 ./Core/Src/system_stm32h5xx.o
                             0x138c21 (size before relaxing)
 .debug_str     0x00139cb4       0x44 ./Core/Startup/startup_stm32h563zitx.o
                                 0x81 (size before relaxing)
 .debug_str     0x00139cf8      0x962 ./Drivers/STM32H5xx_HAL_Driver/Src/stm32h5xx_hal.o
                             0x139a6d (size before relaxing)
 .debug_str     0x0013a65a      0xc96 ./Drivers/STM32H5xx_HAL_Driver/Src/stm32h5xx_hal_adc.o
                             0x139a57 (size before relaxing)
 .debug_str     0x0013b2f0      0x6e9 ./Drivers/STM32H5xx_HAL_Driver/Src/stm32h5xx_hal_adc_ex.o
                             0x139a06 (size before relaxing)
 .debug_str     0x0013b9d9      0x3e7 ./Drivers/STM32H5xx_HAL_Driver/Src/stm32h5xx_hal_cortex.o
                             0x1395fc (size before relaxing)
 .debug_str     0x0013bdc0      0x302 ./Drivers/STM32H5xx_HAL_Driver/Src/stm32h5xx_hal_gpio.o
                             0x138986 (size before relaxing)
 .debug_str     0x0013c0c2      0x38a ./Drivers/STM32H5xx_HAL_Driver/Src/stm32h5xx_hal_rcc.o
                             0x139166 (size before relaxing)
 .debug_str     0x0013c44c      0x6dc ./Drivers/STM32H5xx_HAL_Driver/Src/stm32h5xx_hal_rcc_ex.o
                             0x1394b0 (size before relaxing)

.comment        0x00000000       0x43
 .comment       0x00000000       0x43 ./Core/Src/adc.o
                                 0x44 (size before relaxing)
 .comment       0x00000043       0x44 ./Core/Src/gpio.o
 .comment       0x00000043       0x44 ./Core/Src/main.o
 .comment       0x00000043       0x44 ./Core/Src/stm32h5xx_hal_msp.o
 .comment       0x00000043       0x44 ./Core/Src/stm32h5xx_it.o
 .comment       0x00000043       0x44 ./Core/Src/system_stm32h5xx.o
 .comment       0x00000043       0x44 ./Drivers/STM32H5xx_HAL_Driver/Src/stm32h5xx_hal.o
 .comment       0x00000043       0x44 ./Drivers/STM32H5xx_HAL_Driver/Src/stm32h5xx_hal_adc.o
 .comment       0x00000043       0x44 ./Drivers/STM32H5xx_HAL_Driver/Src/stm32h5xx_hal_adc_ex.o
 .comment       0x00000043       0x44 ./Drivers/STM32H5xx_HAL_Driver/Src/stm32h5xx_hal_cortex.o
 .comment       0x00000043       0x44 ./Drivers/STM32H5xx_HAL_Driver/Src/stm32h5xx_hal_gpio.o
 .comment       0x00000043       0x44 ./Drivers/STM32H5xx_HAL_Driver/Src/stm32h5xx_hal_rcc.o
 .comment       0x00000043       0x44 ./Drivers/STM32H5xx_HAL_Driver/Src/stm32h5xx_hal_rcc_ex.o

.debug_frame    0x00000000     0x2d34
 .debug_frame   0x00000000       0x80 ./Core/Src/adc.o
 .debug_frame   0x00000080       0x38 ./Core/Src/gpio.o
 .debug_frame   0x000000b8       0xa8 ./Core/Src/main.o
 .debug_frame   0x00000160       0x30 ./Core/Src/stm32h5xx_hal_msp.o
 .debug_frame   0x00000190      0x120 ./Core/Src/stm32h5xx_it.o
 .debug_frame   0x000002b0       0x60 ./Core/Src/system_stm32h5xx.o
 .debug_frame   0x00000310      0x828 ./Drivers/STM32H5xx_HAL_Driver/Src/stm32h5xx_hal.o
 .debug_frame   0x00000b38      0xb20 ./Drivers/STM32H5xx_HAL_Driver/Src/stm32h5xx_hal_adc.o
 .debug_frame   0x00001658      0x86c ./Drivers/STM32H5xx_HAL_Driver/Src/stm32h5xx_hal_adc_ex.o
 .debug_frame   0x00001ec4      0x560 ./Drivers/STM32H5xx_HAL_Driver/Src/stm32h5xx_hal_cortex.o
 .debug_frame   0x00002424      0x1ec ./Drivers/STM32H5xx_HAL_Driver/Src/stm32h5xx_hal_gpio.o
 .debug_frame   0x00002610      0x268 ./Drivers/STM32H5xx_HAL_Driver/Src/stm32h5xx_hal_rcc.o
 .debug_frame   0x00002878      0x470 ./Drivers/STM32H5xx_HAL_Driver/Src/stm32h5xx_hal_rcc_ex.o
 .debug_frame   0x00002ce8       0x20 C:/ST/STM32CubeIDE_1.17.0/STM32CubeIDE/plugins/com.st.stm32cube.ide.mcu.externaltools.gnu-tools-for-stm32.12.3.rel1.win32_1.1.0.202410251130/tools/bin/../lib/gcc/arm-none-eabi/12.3.1/../../../../arm-none-eabi/lib/thumb/v8-m.main+fp/hard\libc_nano.a(libc_a-memset.o)
 .debug_frame   0x00002d08       0x2c C:/ST/STM32CubeIDE_1.17.0/STM32CubeIDE/plugins/com.st.stm32cube.ide.mcu.externaltools.gnu-tools-for-stm32.12.3.rel1.win32_1.1.0.202410251130/tools/bin/../lib/gcc/arm-none-eabi/12.3.1/../../../../arm-none-eabi/lib/thumb/v8-m.main+fp/hard\libc_nano.a(libc_a-init.o)

.debug_line_str
                0x00000000       0x65
 .debug_line_str
                0x00000000       0x65 ./Core/Startup/startup_stm32h563zitx.o
