Archive member included to satisfy reference by file (symbol)

C:/ST/STM32CubeIDE_1.17.0/STM32CubeIDE/plugins/com.st.stm32cube.ide.mcu.externaltools.gnu-tools-for-stm32.12.3.rel1.win32_1.1.0.202410251130/tools/bin/../lib/gcc/arm-none-eabi/12.3.1/../../../../arm-none-eabi/lib/thumb/v8-m.main+fp/hard\libc_nano.a(libc_a-exit.o)
                              C:/ST/STM32CubeIDE_1.17.0/STM32CubeIDE/plugins/com.st.stm32cube.ide.mcu.externaltools.gnu-tools-for-stm32.12.3.rel1.win32_1.1.0.202410251130/tools/bin/../lib/gcc/arm-none-eabi/12.3.1/../../../../arm-none-eabi/lib/thumb/v8-m.main+fp/hard/crt0.o (exit)
C:/ST/STM32CubeIDE_1.17.0/STM32CubeIDE/plugins/com.st.stm32cube.ide.mcu.externaltools.gnu-tools-for-stm32.12.3.rel1.win32_1.1.0.202410251130/tools/bin/../lib/gcc/arm-none-eabi/12.3.1/../../../../arm-none-eabi/lib/thumb/v8-m.main+fp/hard\libc_nano.a(libc_a-findfp.o)
                              C:/ST/STM32CubeIDE_1.17.0/STM32CubeIDE/plugins/com.st.stm32cube.ide.mcu.externaltools.gnu-tools-for-stm32.12.3.rel1.win32_1.1.0.202410251130/tools/bin/../lib/gcc/arm-none-eabi/12.3.1/../../../../arm-none-eabi/lib/thumb/v8-m.main+fp/hard\libc_nano.a(libc_a-exit.o) (__stdio_exit_handler)
C:/ST/STM32CubeIDE_1.17.0/STM32CubeIDE/plugins/com.st.stm32cube.ide.mcu.externaltools.gnu-tools-for-stm32.12.3.rel1.win32_1.1.0.202410251130/tools/bin/../lib/gcc/arm-none-eabi/12.3.1/../../../../arm-none-eabi/lib/thumb/v8-m.main+fp/hard\libc_nano.a(libc_a-fwalk.o)
                              C:/ST/STM32CubeIDE_1.17.0/STM32CubeIDE/plugins/com.st.stm32cube.ide.mcu.externaltools.gnu-tools-for-stm32.12.3.rel1.win32_1.1.0.202410251130/tools/bin/../lib/gcc/arm-none-eabi/12.3.1/../../../../arm-none-eabi/lib/thumb/v8-m.main+fp/hard\libc_nano.a(libc_a-findfp.o) (_fwalk_sglue)
C:/ST/STM32CubeIDE_1.17.0/STM32CubeIDE/plugins/com.st.stm32cube.ide.mcu.externaltools.gnu-tools-for-stm32.12.3.rel1.win32_1.1.0.202410251130/tools/bin/../lib/gcc/arm-none-eabi/12.3.1/../../../../arm-none-eabi/lib/thumb/v8-m.main+fp/hard\libc_nano.a(libc_a-stdio.o)
                              C:/ST/STM32CubeIDE_1.17.0/STM32CubeIDE/plugins/com.st.stm32cube.ide.mcu.externaltools.gnu-tools-for-stm32.12.3.rel1.win32_1.1.0.202410251130/tools/bin/../lib/gcc/arm-none-eabi/12.3.1/../../../../arm-none-eabi/lib/thumb/v8-m.main+fp/hard\libc_nano.a(libc_a-findfp.o) (__sread)
C:/ST/STM32CubeIDE_1.17.0/STM32CubeIDE/plugins/com.st.stm32cube.ide.mcu.externaltools.gnu-tools-for-stm32.12.3.rel1.win32_1.1.0.202410251130/tools/bin/../lib/gcc/arm-none-eabi/12.3.1/../../../../arm-none-eabi/lib/thumb/v8-m.main+fp/hard\libc_nano.a(libc_a-memset.o)
                              C:/ST/STM32CubeIDE_1.17.0/STM32CubeIDE/plugins/com.st.stm32cube.ide.mcu.externaltools.gnu-tools-for-stm32.12.3.rel1.win32_1.1.0.202410251130/tools/bin/../lib/gcc/arm-none-eabi/12.3.1/../../../../arm-none-eabi/lib/thumb/v8-m.main+fp/hard/crt0.o (memset)
C:/ST/STM32CubeIDE_1.17.0/STM32CubeIDE/plugins/com.st.stm32cube.ide.mcu.externaltools.gnu-tools-for-stm32.12.3.rel1.win32_1.1.0.202410251130/tools/bin/../lib/gcc/arm-none-eabi/12.3.1/../../../../arm-none-eabi/lib/thumb/v8-m.main+fp/hard\libc_nano.a(libc_a-closer.o)
                              C:/ST/STM32CubeIDE_1.17.0/STM32CubeIDE/plugins/com.st.stm32cube.ide.mcu.externaltools.gnu-tools-for-stm32.12.3.rel1.win32_1.1.0.202410251130/tools/bin/../lib/gcc/arm-none-eabi/12.3.1/../../../../arm-none-eabi/lib/thumb/v8-m.main+fp/hard\libc_nano.a(libc_a-stdio.o) (_close_r)
C:/ST/STM32CubeIDE_1.17.0/STM32CubeIDE/plugins/com.st.stm32cube.ide.mcu.externaltools.gnu-tools-for-stm32.12.3.rel1.win32_1.1.0.202410251130/tools/bin/../lib/gcc/arm-none-eabi/12.3.1/../../../../arm-none-eabi/lib/thumb/v8-m.main+fp/hard\libc_nano.a(libc_a-reent.o)
                              C:/ST/STM32CubeIDE_1.17.0/STM32CubeIDE/plugins/com.st.stm32cube.ide.mcu.externaltools.gnu-tools-for-stm32.12.3.rel1.win32_1.1.0.202410251130/tools/bin/../lib/gcc/arm-none-eabi/12.3.1/../../../../arm-none-eabi/lib/thumb/v8-m.main+fp/hard\libc_nano.a(libc_a-closer.o) (errno)
C:/ST/STM32CubeIDE_1.17.0/STM32CubeIDE/plugins/com.st.stm32cube.ide.mcu.externaltools.gnu-tools-for-stm32.12.3.rel1.win32_1.1.0.202410251130/tools/bin/../lib/gcc/arm-none-eabi/12.3.1/../../../../arm-none-eabi/lib/thumb/v8-m.main+fp/hard\libc_nano.a(libc_a-impure.o)
                              C:/ST/STM32CubeIDE_1.17.0/STM32CubeIDE/plugins/com.st.stm32cube.ide.mcu.externaltools.gnu-tools-for-stm32.12.3.rel1.win32_1.1.0.202410251130/tools/bin/../lib/gcc/arm-none-eabi/12.3.1/../../../../arm-none-eabi/lib/thumb/v8-m.main+fp/hard\libc_nano.a(libc_a-reent.o) (_impure_ptr)
C:/ST/STM32CubeIDE_1.17.0/STM32CubeIDE/plugins/com.st.stm32cube.ide.mcu.externaltools.gnu-tools-for-stm32.12.3.rel1.win32_1.1.0.202410251130/tools/bin/../lib/gcc/arm-none-eabi/12.3.1/../../../../arm-none-eabi/lib/thumb/v8-m.main+fp/hard\libc_nano.a(libc_a-lseekr.o)
[...]
Memory Configuration

Name             Origin             Length             Attributes
RAM              0x20000000         0x000a0000         xrw
FLASH            0x08000000         0x00200000         xr
*default*        0x00000000         0xffffffff

Linker script and memory map

LOAD C:/ST/STM32CubeIDE_1.17.0/STM32CubeIDE/plugins/com.st.stm32cube.ide.mcu.externaltools.gnu-tools-for-stm32.12.3.rel1.win32_1.1.0.202410251130/tools/bin/../lib/gcc/arm-none-eabi/12.3.1/thumb/v8-m.main+fp/hard/crti.o
LOAD C:/ST/STM32CubeIDE_1.17.0/STM32CubeIDE/plugins/com.st.stm32cube.ide.mcu.externaltools.gnu-tools-for-stm32.12.3.rel1.win32_1.1.0.202410251130/tools/bin/../lib/gcc/arm-none-eabi/12.3.1/thumb/v8-m.main+fp/hard/crtbegin.o
LOAD C:/ST/STM32CubeIDE_1.17.0/STM32CubeIDE/plugins/com.st.stm32cube.ide.mcu.externaltools.gnu-tools-for-stm32.12.3.rel1.win32_1.1.0.202410251130/tools/bin/../lib/gcc/arm-none-eabi/12.3.1/../../../../arm-none-eabi/lib/thumb/v8-m.main+fp/hard/crt0.o
LOAD ./Core/Src/bmp180.o
LOAD ./Core/Src/gpio.o
LOAD ./Core/Src/i2c.o
LOAD ./Core/Src/main.o
LOAD ./Core/Src/memorymap.o
LOAD ./Core/Src/stm32h5xx_hal_msp.o
LOAD ./Core/Src/stm32h5xx_it.o
LOAD ./Core/Src/syscalls.o
LOAD ./Core/Src/sysmem.o
LOAD ./Core/Src/system_stm32h5xx.o
LOAD ./Core/Startup/startup_stm32h563zitx.o
LOAD ./Drivers/STM32H5xx_HAL_Driver/Src/stm32h5xx_hal.o
LOAD ./Drivers/STM32H5xx_HAL_Driver/Src/stm32h5xx_hal_cortex.o
LOAD ./Drivers/STM32H5xx_HAL_Driver/Src/stm32h5xx_hal_dma.o
LOAD ./Drivers/STM32H5xx_HAL_Driver/Src/stm32h5xx_hal_dma_ex.o
LOAD ./Drivers/STM32H5xx_HAL_Driver/Src/stm32h5xx_hal_exti.o
LOAD ./Drivers/STM32H5xx_HAL_Driver/Src/stm32h5xx_hal_flash.o
LOAD ./Drivers/STM32H5xx_HAL_Driver/Src/stm32h5xx_hal_flash_ex.o
LOAD ./Drivers/STM32H5xx_HAL_Driver/Src/stm32h5xx_hal_gpio.o
LOAD ./Drivers/STM32H5xx_HAL_Driver/Src/stm32h5xx_hal_i2c.o
LOAD ./Drivers/STM32H5xx_HAL_Driver/Src/stm32h5xx_hal_i2c_ex.o
LOAD ./Drivers/STM32H5xx_HAL_Driver/Src/stm32h5xx_hal_pwr.o
LOAD ./Drivers/STM32H5xx_HAL_Driver/Src/stm32h5xx_hal_pwr_ex.o
LOAD ./Drivers/STM32H5xx_HAL_Driver/Src/stm32h5xx_hal_rcc.o
LOAD ./Drivers/STM32H5xx_HAL_Driver/Src/stm32h5xx_hal_rcc_ex.o
START GROUP
LOAD C:/ST/STM32CubeIDE_1.17.0/STM32CubeIDE/plugins/com.st.stm32cube.ide.mcu.externaltools.gnu-tools-for-stm32.12.3.rel1.win32_1.1.0.202410251130/tools/bin/../lib/gcc/arm-none-eabi/12.3.1/../../../../arm-none-eabi/lib/thumb/v8-m.main+fp/hard\libc_nano.a
LOAD C:/ST/STM32CubeIDE_1.17.0/STM32CubeIDE/plugins/com.st.stm32cube.ide.mcu.externaltools.gnu-tools-for-stm32.12.3.rel1.win32_1.1.0.202410251130/tools/bin/../lib/gcc/arm-none-eabi/12.3.1/../../../../arm-none-eabi/lib/thumb/v8-m.main+fp/hard\libm.a
END GROUP
START GROUP
LOAD C:/ST/STM32CubeIDE_1.17.0/STM32CubeIDE/plugins/com.st.stm32cube.ide.mcu.externaltools.gnu-tools-for-stm32.12.3.rel1.win32_1.1.0.202410251130/tools/bin/../lib/gcc/arm-none-eabi/12.3.1/thumb/v8-m.main+fp/hard\libgcc.a
LOAD C:/ST/STM32CubeIDE_1.17.0/STM32CubeIDE/plugins/com.st.stm32cube.ide.mcu.externaltools.gnu-tools-for-stm32.12.3.rel1.win32_1.1.0.202410251130/tools/bin/../lib/gcc/arm-none-eabi/12.3.1/../../../../arm-none-eabi/lib/thumb/v8-m.main+fp/hard\libc_nano.a
END GROUP
START GROUP
LOAD C:/ST/STM32CubeIDE_1.17.0/STM32CubeIDE/plugins/com.st.stm32cube.ide.mcu.externaltools.gnu-tools-for-stm32.12.3.rel1.win32_1.1.0.202410251130/tools/bin/../lib/gcc/arm-none-eabi/12.3.1/thumb/v8-m.main+fp/hard\libgcc.a
LOAD C:/ST/STM32CubeIDE_1.17.0/STM32CubeIDE/plugins/com.st.stm32cube.ide.mcu.externaltools.gnu-tools-for-stm32.12.3.rel1.win32_1.1.0.202410251130/tools/bin/../lib/gcc/arm-none-eabi/12.3.1/../../../../arm-none-eabi/lib/thumb/v8-m.main+fp/hard\libc_nano.a
LOAD C:/ST/STM32CubeIDE_1.17.0/STM32CubeIDE/plugins/com.st.stm32cube.ide.mcu.externaltools.gnu-tools-for-stm32.12.3.rel1.win32_1.1.0.202410251130/tools/bin/../lib/gcc/arm-none-eabi/12.3.1/../../../../arm-none-eabi/lib/thumb/v8-m.main+fp/hard\libnosys.a
END GROUP
START GROUP
LOAD C:/ST/STM32CubeIDE_1.17.0/STM32CubeIDE/plugins/com.st.stm32cube.ide.mcu.externaltools.gnu-tools-for-stm32.12.3.rel1.win32_1.1.0.202410251130/tools/bin/../lib/gcc/arm-none-eabi/12.3.1/thumb/v8-m.main+fp/hard\libgcc.a
LOAD C:/ST/STM32CubeIDE_1.17.0/STM32CubeIDE/plugins/com.st.stm32cube.ide.mcu.externaltools.gnu-tools-for-stm32.12.3.rel1.win32_1.1.0.202410251130/tools/bin/../lib/gcc/arm-none-eabi/12.3.1/../../../../arm-none-eabi/lib/thumb/v8-m.main+fp/hard\libc_nano.a
LOAD C:/ST/STM32CubeIDE_1.17.0/STM32CubeIDE/plugins/com.st.stm32cube.ide.mcu.externaltools.gnu-tools-for-stm32.12.3.rel1.win32_1.1.0.202410251130/tools/bin/../lib/gcc/arm-none-eabi/12.3.1/../../../../arm-none-eabi/lib/thumb/v8-m.main+fp/hard\libnosys.a
END GROUP
LOAD C:/ST/STM32CubeIDE_1.17.0/STM32CubeIDE/plugins/com.st.stm32cube.ide.mcu.externaltools.gnu-tools-for-stm32.12.3.rel1.win32_1.1.0.202410251130/tools/bin/../lib/gcc/arm-none-eabi/12.3.1/thumb/v8-m.main+fp/hard/crtend.o
LOAD C:/ST/STM32CubeIDE_1.17.0/STM32CubeIDE/plugins/com.st.stm32cube.ide.mcu.externaltools.gnu-tools-for-stm32.12.3.rel1.win32_1.1.0.202410251130/tools/bin/../lib/gcc/arm-none-eabi/12.3.1/thumb/v8-m.main+fp/hard/crtn.o
                0x200a0000                        _estack = (ORIGIN (RAM) + LENGTH (RAM))
                0x00000200                        _Min_Heap_Size = 0x200
                0x00000400                        _Min_Stack_Size = 0x400

.isr_vector     0x08000000      0x24c
                0x08000000                        . = ALIGN (0x4)
 *(.isr_vector)
 .isr_vector    0x08000000      0x24c ./Core/Startup/startup_stm32h563zitx.o
                0x08000000                g_pfnVectors
                0x0800024c                        . = ALIGN (0x4)

.text           0x0800024c     0x4db0
                0x0800024c                        . = ALIGN (0x4)
 *(.text)
 .text          0x0800024c       0x40 C:/ST/STM32CubeIDE_1.17.0/STM32CubeIDE/plugins/com.st.stm32cube.ide.mcu.externaltools.gnu-tools-for-stm32.12.3.rel1.win32_1.1.0.202410251130/tools/bin/../lib/gcc/arm-none-eabi/12.3.1/thumb/v8-m.main+fp/hard/crtbegin.o
 *(.text*)
 .text.Read8    0x0800028c       0x3c ./Core/Src/bmp180.o
                0x0800028c                Read8
 .text.Read16   0x080002c8       0x4a ./Core/Src/bmp180.o
                0x080002c8                Read16
 .text.Write8   0x08000312       0x3c ./Core/Src/bmp180.o
                0x08000312                Write8
 .text.BMP180_SetOversampling
                0x0800034e       0x4c ./Core/Src/bmp180.o
                0x0800034e                BMP180_SetOversampling
 .text.BMP180_ReadTemperature
                0x0800039a       0x48 ./Core/Src/bmp180.o
                0x0800039a                BMP180_ReadTemperature
 .text.BMP180_ReadPressure
                0x080003e2       0x5c ./Core/Src/bmp180.o
                0x080003e2                BMP180_ReadPressure
 .text.BMP180_CalculateTemperature
                0x0800043e       0x76 ./Core/Src/bmp180.o
                0x0800043e                BMP180_CalculateTemperature
 .text.BMP180_CalculatePressure
                0x080004b4      0x1f0 ./Core/Src/bmp180.o
                0x080004b4                BMP180_CalculatePressure
 .text.BMP180_Init
                0x080006a4       0xf2 ./Core/Src/bmp180.o
                0x080006a4                BMP180_Init
 *fill*         0x08000796        0x2 
 .text.MX_GPIO_Init
                0x08000798       0x34 ./Core/Src/gpio.o
                0x08000798                MX_GPIO_Init
 .text.MX_I2C1_Init
                0x080007cc       0x80 ./Core/Src/i2c.o
                0x080007cc                MX_I2C1_Init
 .text.HAL_I2C_MspInit
                0x0800084c      0x11c ./Core/Src/i2c.o
                0x0800084c                HAL_I2C_MspInit
 .text.main     0x08000968       0x44 ./Core/Src/main.o
                0x08000968                main
 .text.SystemClock_Config
                0x080009ac       0xc0 ./Core/Src/main.o
                0x080009ac                SystemClock_Config
 .text.Error_Handler
                0x08000a6c        0xc ./Core/Src/main.o
                0x08000a6c                Error_Handler
 .text.HAL_MspInit
                0x08000a78        0xe ./Core/Src/stm32h5xx_hal_msp.o
                0x08000a78                HAL_MspInit
 .text.NMI_Handler
                0x08000a86        0x8 ./Core/Src/stm32h5xx_it.o
                0x08000a86                NMI_Handler
 .text.HardFault_Handler
                0x08000a8e        0x8 ./Core/Src/stm32h5xx_it.o
                0x08000a8e                HardFault_Handler
 .text.MemManage_Handler
                0x08000a96        0x8 ./Core/Src/stm32h5xx_it.o
                0x08000a96                MemManage_Handler
 .text.BusFault_Handler
                0x08000a9e        0x8 ./Core/Src/stm32h5xx_it.o
                0x08000a9e                BusFault_Handler
 .text.UsageFault_Handler
                0x08000aa6        0x8 ./Core/Src/stm32h5xx_it.o
                0x08000aa6                UsageFault_Handler
 .text.SVC_Handler
                0x08000aae        0xe ./Core/Src/stm32h5xx_it.o
                0x08000aae                SVC_Handler
 .text.DebugMon_Handler
                0x08000abc        0xe ./Core/Src/stm32h5xx_it.o
                0x08000abc                DebugMon_Handler
 .text.PendSV_Handler
                0x08000aca        0xe ./Core/Src/stm32h5xx_it.o
                0x08000aca                PendSV_Handler
 .text.SysTick_Handler
                0x08000ad8        0xc ./Core/Src/stm32h5xx_it.o
                0x08000ad8                SysTick_Handler
 .text.SystemInit
                0x08000ae4       0xf8 ./Core/Src/system_stm32h5xx.o
                0x08000ae4                SystemInit
 .text.Reset_Handler
                0x08000bdc       0x50 ./Core/Startup/startup_stm32h563zitx.o
                0x08000bdc                Reset_Handler
 .text.Default_Handler
                0x08000c2c        0x2 ./Core/Startup/startup_stm32h563zitx.o
                0x08000c2c                EXTI2_IRQHandler
                0x08000c2c                TIM8_TRG_COM_IRQHandler
                0x08000c2c                TIM8_CC_IRQHandler
                0x08000c2c                EXTI5_IRQHandler
                0x08000c2c                I3C1_ER_IRQHandler
                0x08000c2c                UART8_IRQHandler
                0x08000c2c                SPI4_IRQHandler
                0x08000c2c                GPDMA2_Channel1_IRQHandler
                0x08000c2c                FLASH_S_IRQHandler
                0x08000c2c                EXTI13_IRQHandler
                0x08000c2c                TIM1_CC_IRQHandler
                0x08000c2c                GPDMA2_Channel3_IRQHandler
                0x08000c2c                TAMP_IRQHandler
                0x08000c2c                TIM6_IRQHandler
                0x08000c2c                EXTI12_IRQHandler
                0x08000c2c                CORDIC_IRQHandler
                0x08000c2c                USB_DRD_FS_IRQHandler
                0x08000c2c                EXTI3_IRQHandler
                0x08000c2c                LPTIM4_IRQHandler
                0x08000c2c                GPDMA1_Channel5_IRQHandler
                0x08000c2c                EXTI8_IRQHandler
                0x08000c2c                GPDMA2_Channel5_IRQHandler
                0x08000c2c                LPTIM2_IRQHandler
                0x08000c2c                I2C3_ER_IRQHandler
                0x08000c2c                GPDMA2_Channel2_IRQHandler
                0x08000c2c                USART10_IRQHandler
                0x08000c2c                LPTIM3_IRQHandler
                0x08000c2c                EXTI0_IRQHandler
                0x08000c2c                I2C2_EV_IRQHandler
                0x08000c2c                FPU_IRQHandler
                0x08000c2c                GPDMA1_Channel3_IRQHandler
                0x08000c2c                GPDMA1_Channel7_IRQHandler
                0x08000c2c                FDCAN1_IT1_IRQHandler
                0x08000c2c                RAMCFG_IRQHandler
                0x08000c2c                DCACHE1_IRQHandler
                0x08000c2c                SPI1_IRQHandler
                0x08000c2c                OCTOSPI1_IRQHandler
                0x08000c2c                GPDMA1_Channel2_IRQHandler
                0x08000c2c                TIM8_UP_IRQHandler
                0x08000c2c                RCC_S_IRQHandler
                0x08000c2c                SAI2_IRQHandler
                0x08000c2c                ADC1_IRQHandler
                0x08000c2c                USART6_IRQHandler
                0x08000c2c                EXTI15_IRQHandler
                0x08000c2c                TIM17_IRQHandler
                0x08000c2c                USART3_IRQHandler
                0x08000c2c                RTC_IRQHandler
                0x08000c2c                EXTI9_IRQHandler
                0x08000c2c                LPTIM5_IRQHandler
                0x08000c2c                UART5_IRQHandler
                0x08000c2c                TIM4_IRQHandler
                0x08000c2c                I2C1_EV_IRQHandler
                0x08000c2c                GPDMA1_Channel1_IRQHandler
                0x08000c2c                TIM16_IRQHandler
                0x08000c2c                UART4_IRQHandler
                0x08000c2c                SecureFault_Handler
                0x08000c2c                TIM3_IRQHandler
                0x08000c2c                RCC_IRQHandler
                0x08000c2c                UART9_IRQHandler
                0x08000c2c                TIM1_TRG_COM_IRQHandler
                0x08000c2c                Default_Handler
                0x08000c2c                FMAC_IRQHandler
                0x08000c2c                CEC_IRQHandler
                0x08000c2c                USART11_IRQHandler
                0x08000c2c                TIM14_IRQHandler
                0x08000c2c                TIM13_IRQHandler
                0x08000c2c                GPDMA2_Channel4_IRQHandler
                0x08000c2c                SPI5_IRQHandler
                0x08000c2c                TIM12_IRQHandler
                0x08000c2c                TIM7_IRQHandler
                0x08000c2c                SDMMC1_IRQHandler
                0x08000c2c                TIM5_IRQHandler
                0x08000c2c                UCPD1_IRQHandler
                0x08000c2c                GPDMA1_Channel0_IRQHandler
                0x08000c2c                I3C1_EV_IRQHandler
                0x08000c2c                TIM15_IRQHandler
                0x08000c2c                PVD_AVD_IRQHandler
                0x08000c2c                I2C3_EV_IRQHandler
                0x08000c2c                ETH_WKUP_IRQHandler
                0x08000c2c                ADC2_IRQHandler
                0x08000c2c                SPI2_IRQHandler
                0x08000c2c                EXTI14_IRQHandler
                0x08000c2c                EXTI11_IRQHandler
                0x08000c2c                CRS_IRQHandler
                0x08000c2c                EXTI4_IRQHandler
                0x08000c2c                GPDMA2_Channel0_IRQHandler
                0x08000c2c                RTC_S_IRQHandler
                0x08000c2c                RNG_IRQHandler
                0x08000c2c                FDCAN2_IT1_IRQHandler
                0x08000c2c                ETH_IRQHandler
                0x08000c2c                GPDMA2_Channel6_IRQHandler
                0x08000c2c                TIM1_UP_IRQHandler
                0x08000c2c                UART12_IRQHandler
                0x08000c2c                WWDG_IRQHandler
                0x08000c2c                SPI6_IRQHandler
                0x08000c2c                I2C4_EV_IRQHandler
                0x08000c2c                FDCAN2_IT0_IRQHandler
                0x08000c2c                IWDG_IRQHandler
                0x08000c2c                LPUART1_IRQHandler
                0x08000c2c                FDCAN1_IT0_IRQHandler
                0x08000c2c                TIM2_IRQHandler
                0x08000c2c                GPDMA1_Channel4_IRQHandler
                0x08000c2c                EXTI7_IRQHandler
                0x08000c2c                TIM1_BRK_IRQHandler
                0x08000c2c                EXTI1_IRQHandler
                0x08000c2c                SDMMC2_IRQHandler
                0x08000c2c                LPTIM6_IRQHandler
                0x08000c2c                DAC1_IRQHandler
                0x08000c2c                DTS_IRQHandler
                0x08000c2c                UART7_IRQHandler
                0x08000c2c                GTZC_IRQHandler
                0x08000c2c                USART2_IRQHandler
                0x08000c2c                GPDMA1_Channel6_IRQHandler
                0x08000c2c                GPDMA2_Channel7_IRQHandler
                0x08000c2c                I2C2_ER_IRQHandler
                0x08000c2c                TIM8_BRK_IRQHandler
                0x08000c2c                FLASH_IRQHandler
                0x08000c2c                USART1_IRQHandler
                0x08000c2c                EXTI10_IRQHandler
                0x08000c2c                SPI3_IRQHandler
                0x08000c2c                I2C1_ER_IRQHandler
                0x08000c2c                FMC_IRQHandler
                0x08000c2c                EXTI6_IRQHandler
                0x08000c2c                LPTIM1_IRQHandler
                0x08000c2c                DCMI_PSSI_IRQHandler
                0x08000c2c                I2C4_ER_IRQHandler
                0x08000c2c                ICACHE_IRQHandler
                0x08000c2c                SAI1_IRQHandler
                0x08000c2c                HASH_IRQHandler
 *fill*         0x08000c2e        0x2 
 .text.HAL_Init
                0x08000c30       0x50 ./Drivers/STM32H5xx_HAL_Driver/Src/stm32h5xx_hal.o
                0x08000c30                HAL_Init
 .text.HAL_InitTick
                0x08000c80       0xec ./Drivers/STM32H5xx_HAL_Driver/Src/stm32h5xx_hal.o
                0x08000c80                HAL_InitTick
 .text.HAL_IncTick
                0x08000d6c       0x28 ./Drivers/STM32H5xx_HAL_Driver/Src/stm32h5xx_hal.o
                0x08000d6c                HAL_IncTick
 .text.HAL_GetTick
                0x08000d94       0x18 ./Drivers/STM32H5xx_HAL_Driver/Src/stm32h5xx_hal.o
                0x08000d94                HAL_GetTick
 .text.HAL_Delay
                0x08000dac       0x48 ./Drivers/STM32H5xx_HAL_Driver/Src/stm32h5xx_hal.o
                0x08000dac                HAL_Delay
 .text.__NVIC_SetPriorityGrouping
                0x08000df4       0x48 ./Drivers/STM32H5xx_HAL_Driver/Src/stm32h5xx_hal_cortex.o
 .text.__NVIC_GetPriorityGrouping
                0x08000e3c       0x1c ./Drivers/STM32H5xx_HAL_Driver/Src/stm32h5xx_hal_cortex.o
 .text.__NVIC_SetPriority
                0x08000e58       0x54 ./Drivers/STM32H5xx_HAL_Driver/Src/stm32h5xx_hal_cortex.o
 .text.NVIC_EncodePriority
                0x08000eac       0x66 ./Drivers/STM32H5xx_HAL_Driver/Src/stm32h5xx_hal_cortex.o
 .text.HAL_NVIC_SetPriorityGrouping
                0x08000f12       0x16 ./Drivers/STM32H5xx_HAL_Driver/Src/stm32h5xx_hal_cortex.o
                0x08000f12                HAL_NVIC_SetPriorityGrouping
 .text.HAL_NVIC_SetPriority
                0x08000f28       0x34 ./Drivers/STM32H5xx_HAL_Driver/Src/stm32h5xx_hal_cortex.o
                0x08000f28                HAL_NVIC_SetPriority
 .text.HAL_SYSTICK_Config
                0x08000f5c       0x44 ./Drivers/STM32H5xx_HAL_Driver/Src/stm32h5xx_hal_cortex.o
                0x08000f5c                HAL_SYSTICK_Config
 .text.HAL_SYSTICK_CLKSourceConfig
                0x08000fa0       0xb0 ./Drivers/STM32H5xx_HAL_Driver/Src/stm32h5xx_hal_cortex.o
                0x08000fa0                HAL_SYSTICK_CLKSourceConfig
 .text.HAL_SYSTICK_GetCLKSourceConfig
                0x08001050       0x6c ./Drivers/STM32H5xx_HAL_Driver/Src/stm32h5xx_hal_cortex.o
                0x08001050                HAL_SYSTICK_GetCLKSourceConfig
 .text.HAL_GPIO_Init
                0x080010bc      0x2a4 ./Drivers/STM32H5xx_HAL_Driver/Src/stm32h5xx_hal_gpio.o
                0x080010bc                HAL_GPIO_Init
 .text.HAL_I2C_Init
                0x08001360      0x136 ./Drivers/STM32H5xx_HAL_Driver/Src/stm32h5xx_hal_i2c.o
                0x08001360                HAL_I2C_Init
 *fill*         0x08001496        0x2 
 .text.HAL_I2C_Mem_Write
                0x08001498      0x228 ./Drivers/STM32H5xx_HAL_Driver/Src/stm32h5xx_hal_i2c.o
                0x08001498                HAL_I2C_Mem_Write
 .text.HAL_I2C_Mem_Read
                0x080016c0      0x234 ./Drivers/STM32H5xx_HAL_Driver/Src/stm32h5xx_hal_i2c.o
                0x080016c0                HAL_I2C_Mem_Read
 .text.I2C_RequestMemoryWrite
                0x080018f4       0xa8 ./Drivers/STM32H5xx_HAL_Driver/Src/stm32h5xx_hal_i2c.o
 .text.I2C_RequestMemoryRead
                0x0800199c       0xa8 ./Drivers/STM32H5xx_HAL_Driver/Src/stm32h5xx_hal_i2c.o
 .text.I2C_Flush_TXDR
                0x08001a44       0x48 ./Drivers/STM32H5xx_HAL_Driver/Src/stm32h5xx_hal_i2c.o
 .text.I2C_WaitOnFlagUntilTimeout
                0x08001a8c       0xb2 ./Drivers/STM32H5xx_HAL_Driver/Src/stm32h5xx_hal_i2c.o
 .text.I2C_WaitOnTXISFlagUntilTimeout
                0x08001b3e       0x8e ./Drivers/STM32H5xx_HAL_Driver/Src/stm32h5xx_hal_i2c.o
 .text.I2C_WaitOnSTOPFlagUntilTimeout
                0x08001bcc       0x86 ./Drivers/STM32H5xx_HAL_Driver/Src/stm32h5xx_hal_i2c.o
 *fill*         0x08001c52        0x2 
 .text.I2C_IsErrorOccurred
                0x08001c54      0x1c0 ./Drivers/STM32H5xx_HAL_Driver/Src/stm32h5xx_hal_i2c.o
 .text.I2C_TransferConfig
                0x08001e14       0x64 ./Drivers/STM32H5xx_HAL_Driver/Src/stm32h5xx_hal_i2c.o
 .text.HAL_I2CEx_ConfigAnalogFilter
                0x08001e78       0x96 ./Drivers/STM32H5xx_HAL_Driver/Src/stm32h5xx_hal_i2c_ex.o
                0x08001e78                HAL_I2CEx_ConfigAnalogFilter
 .text.HAL_I2CEx_ConfigDigitalFilter
                0x08001f0e       0x98 ./Drivers/STM32H5xx_HAL_Driver/Src/stm32h5xx_hal_i2c_ex.o
                0x08001f0e                HAL_I2CEx_ConfigDigitalFilter
 *fill*         0x08001fa6        0x2 
 .text.HAL_RCC_OscConfig
                0x08001fa8      0x870 ./Drivers/STM32H5xx_HAL_Driver/Src/stm32h5xx_hal_rcc.o
                0x08001fa8                HAL_RCC_OscConfig
 .text.HAL_RCC_ClockConfig
                0x08002818      0x370 ./Drivers/STM32H5xx_HAL_Driver/Src/stm32h5xx_hal_rcc.o
                0x08002818                HAL_RCC_ClockConfig
 .text.HAL_RCC_GetSysClockFreq
                0x08002b88      0x258 ./Drivers/STM32H5xx_HAL_Driver/Src/stm32h5xx_hal_rcc.o
                0x08002b88                HAL_RCC_GetSysClockFreq
 .text.HAL_RCC_GetHCLKFreq
                0x08002de0       0x38 ./Drivers/STM32H5xx_HAL_Driver/Src/stm32h5xx_hal_rcc.o
                0x08002de0                HAL_RCC_GetHCLKFreq
 .text.HAL_RCCEx_PeriphCLKConfig
                0x08002e18     0x1f14 ./Drivers/STM32H5xx_HAL_Driver/Src/stm32h5xx_hal_rcc_ex.o
                0x08002e18                HAL_RCCEx_PeriphCLKConfig
 .text.RCCEx_PLL2_Config
                0x08004d2c      0x130 ./Drivers/STM32H5xx_HAL_Driver/Src/stm32h5xx_hal_rcc_ex.o
 .text.RCCEx_PLL3_Config
                0x08004e5c      0x130 ./Drivers/STM32H5xx_HAL_Driver/Src/stm32h5xx_hal_rcc_ex.o
 .text.memset   0x08004f8c       0x10 C:/ST/STM32CubeIDE_1.17.0/STM32CubeIDE/plugins/com.st.stm32cube.ide.mcu.externaltools.gnu-tools-for-stm32.12.3.rel1.win32_1.1.0.202410251130/tools/bin/../lib/gcc/arm-none-eabi/12.3.1/../../../../arm-none-eabi/lib/thumb/v8-m.main+fp/hard\libc_nano.a(libc_a-memset.o)
                0x08004f8c                memset
 .text.__libc_init_array
                0x08004f9c       0x48 C:/ST/STM32CubeIDE_1.17.0/STM32CubeIDE/plugins/com.st.stm32cube.ide.mcu.externaltools.gnu-tools-for-stm32.12.3.rel1.win32_1.1.0.202410251130/tools/bin/../lib/gcc/arm-none-eabi/12.3.1/../../../../arm-none-eabi/lib/thumb/v8-m.main+fp/hard\libc_nano.a(libc_a-init.o)
                0x08004f9c                __libc_init_array
 *(.glue_7)
 .glue_7        0x08004fe4        0x0 linker stubs
 *(.glue_7t)
 .glue_7t       0x08004fe4        0x0 linker stubs
 *(.eh_frame)
 .eh_frame      0x08004fe4        0x0 C:/ST/STM32CubeIDE_1.17.0/STM32CubeIDE/plugins/com.st.stm32cube.ide.mcu.externaltools.gnu-tools-for-stm32.12.3.rel1.win32_1.1.0.202410251130/tools/bin/../lib/gcc/arm-none-eabi/12.3.1/thumb/v8-m.main+fp/hard/crtbegin.o
 *(.init)
 .init          0x08004fe4        0x4 C:/ST/STM32CubeIDE_1.17.0/STM32CubeIDE/plugins/com.st.stm32cube.ide.mcu.externaltools.gnu-tools-for-stm32.12.3.rel1.win32_1.1.0.202410251130/tools/bin/../lib/gcc/arm-none-eabi/12.3.1/thumb/v8-m.main+fp/hard/crti.o
                0x08004fe4                _init
 .init          0x08004fe8        0x8 C:/ST/STM32CubeIDE_1.17.0/STM32CubeIDE/plugins/com.st.stm32cube.ide.mcu.externaltools.gnu-tools-for-stm32.12.3.rel1.win32_1.1.0.202410251130/tools/bin/../lib/gcc/arm-none-eabi/12.3.1/thumb/v8-m.main+fp/hard/crtn.o
 *(.fini)
 .fini          0x08004ff0        0x4 C:/ST/STM32CubeIDE_1.17.0/STM32CubeIDE/plugins/com.st.stm32cube.ide.mcu.externaltools.gnu-tools-for-stm32.12.3.rel1.win32_1.1.0.202410251130/tools/bin/../lib/gcc/arm-none-eabi/12.3.1/thumb/v8-m.main+fp/hard/crti.o
                0x08004ff0                _fini
 .fini          0x08004ff4        0x8 C:/ST/STM32CubeIDE_1.17.0/STM32CubeIDE/plugins/com.st.stm32cube.ide.mcu.externaltools.gnu-tools-for-stm32.12.3.rel1.win32_1.1.0.202410251130/tools/bin/../lib/gcc/arm-none-eabi/12.3.1/thumb/v8-m.main+fp/hard/crtn.o
                0x08004ffc                        . = ALIGN (0x4)
                0x08004ffc                        _etext = .

.vfp11_veneer   0x08004ffc        0x0
 .vfp11_veneer  0x08004ffc        0x0 linker stubs

.v4_bx          0x08004ffc        0x0
 .v4_bx         0x08004ffc        0x0 linker stubs

.iplt           0x08004ffc        0x0
 .iplt          0x08004ffc        0x0 C:/ST/STM32CubeIDE_1.17.0/STM32CubeIDE/plugins/com.st.stm32cube.ide.mcu.externaltools.gnu-tools-for-stm32.12.3.rel1.win32_1.1.0.202410251130/tools/bin/../lib/gcc/arm-none-eabi/12.3.1/thumb/v8-m.main+fp/hard/crtbegin.o

.rodata         0x08004ffc       0x10
                0x08004ffc                        . = ALIGN (0x4)
 *(.rodata)
 *(.rodata*)
 .rodata.AHBPrescTable
                0x08004ffc       0x10 ./Core/Src/system_stm32h5xx.o
                0x08004ffc                AHBPrescTable
                0x0800500c                        . = ALIGN (0x4)

.ARM.extab      0x0800500c        0x0
                0x0800500c                        . = ALIGN (0x4)
 *(.ARM.extab* .gnu.linkonce.armextab.*)
                0x0800500c                        . = ALIGN (0x4)

.ARM            0x0800500c        0x0
                0x0800500c                        . = ALIGN (0x4)
                0x0800500c                        __exidx_start = .
 *(.ARM.exidx*)
                0x0800500c                        __exidx_end = .
                0x0800500c                        . = ALIGN (0x4)

.preinit_array  0x0800500c        0x0
                0x0800500c                        . = ALIGN (0x4)
                0x0800500c                        PROVIDE (__preinit_array_start = .)
 *(.preinit_array*)
                0x0800500c                        PROVIDE (__preinit_array_end = .)
                0x0800500c                        . = ALIGN (0x4)

.init_array     0x0800500c        0x4
                0x0800500c                        . = ALIGN (0x4)
                0x0800500c                        PROVIDE (__init_array_start = .)
 *(SORT_BY_NAME(.init_array.*))
 *(.init_array*)
 .init_array    0x0800500c        0x4 C:/ST/STM32CubeIDE_1.17.0/STM32CubeIDE/plugins/com.st.stm32cube.ide.mcu.externaltools.gnu-tools-for-stm32.12.3.rel1.win32_1.1.0.202410251130/tools/bin/../lib/gcc/arm-none-eabi/12.3.1/thumb/v8-m.main+fp/hard/crtbegin.o
                0x08005010                        PROVIDE (__init_array_end = .)
                0x08005010                        . = ALIGN (0x4)

.fini_array     0x08005010        0x4
                0x08005010                        . = ALIGN (0x4)
                [!provide]                        PROVIDE (__fini_array_start = .)
 *(SORT_BY_NAME(.fini_array.*))
 *(.fini_array*)
 .fini_array    0x08005010        0x4 C:/ST/STM32CubeIDE_1.17.0/STM32CubeIDE/plugins/com.st.stm32cube.ide.mcu.externaltools.gnu-tools-for-stm32.12.3.rel1.win32_1.1.0.202410251130/tools/bin/../lib/gcc/arm-none-eabi/12.3.1/thumb/v8-m.main+fp/hard/crtbegin.o
                [!provide]                        PROVIDE (__fini_array_end = .)
                0x08005014                        . = ALIGN (0x4)
                0x08005014                        _sidata = LOADADDR (.data)

.rel.dyn        0x08005014        0x0
 .rel.iplt      0x08005014        0x0 C:/ST/STM32CubeIDE_1.17.0/STM32CubeIDE/plugins/com.st.stm32cube.ide.mcu.externaltools.gnu-tools-for-stm32.12.3.rel1.win32_1.1.0.202410251130/tools/bin/../lib/gcc/arm-none-eabi/12.3.1/thumb/v8-m.main+fp/hard/crtbegin.o

.data           0x20000000        0xc load address 0x08005014
                0x20000000                        . = ALIGN (0x4)
                0x20000000                        _sdata = .
 *(.data)
 *(.data*)
 .data.SystemCoreClock
                0x20000000        0x4 ./Core/Src/system_stm32h5xx.o
                0x20000000                SystemCoreClock
 .data.uwTickPrio
                0x20000004        0x4 ./Drivers/STM32H5xx_HAL_Driver/Src/stm32h5xx_hal.o
                0x20000004                uwTickPrio
 .data.uwTickFreq
                0x20000008        0x1 ./Drivers/STM32H5xx_HAL_Driver/Src/stm32h5xx_hal.o
                0x20000008                uwTickFreq
 *(.RamFunc)
 *(.RamFunc*)
                0x2000000c                        . = ALIGN (0x4)
 *fill*         0x20000009        0x3 
                0x2000000c                        _edata = .

.igot.plt       0x2000000c        0x0 load address 0x08005020
 .igot.plt      0x2000000c        0x0 C:/ST/STM32CubeIDE_1.17.0/STM32CubeIDE/plugins/com.st.stm32cube.ide.mcu.externaltools.gnu-tools-for-stm32.12.3.rel1.win32_1.1.0.202410251130/tools/bin/../lib/gcc/arm-none-eabi/12.3.1/thumb/v8-m.main+fp/hard/crtbegin.o
                0x2000000c                        . = ALIGN (0x4)

.bss            0x2000000c       0xc0 load address 0x08005020
                0x2000000c                        _sbss = .
                0x2000000c                        __bss_start__ = _sbss
 *(.bss)
 .bss           0x2000000c       0x1c C:/ST/STM32CubeIDE_1.17.0/STM32CubeIDE/plugins/com.st.stm32cube.ide.mcu.externaltools.gnu-tools-for-stm32.12.3.rel1.win32_1.1.0.202410251130/tools/bin/../lib/gcc/arm-none-eabi/12.3.1/thumb/v8-m.main+fp/hard/crtbegin.o
 *(.bss*)
 .bss.hi2c1     0x20000028       0x54 ./Core/Src/i2c.o
                0x20000028                hi2c1
 .bss.bmp180    0x2000007c       0x4c ./Core/Src/main.o
                0x2000007c                bmp180
 .bss.uwTick    0x200000c8        0x4 ./Drivers/STM32H5xx_HAL_Driver/Src/stm32h5xx_hal.o
                0x200000c8                uwTick
 *(COMMON)
                0x200000cc                        . = ALIGN (0x4)
                0x200000cc                        _ebss = .
                0x200000cc                        __bss_end__ = _ebss

._user_heap_stack
                0x200000cc      0x604 load address 0x08005020
                0x200000d0                        . = ALIGN (0x8)
 *fill*         0x200000cc        0x4 
                [!provide]                        PROVIDE (end = .)
                0x200000d0                        PROVIDE (_end = .)
                0x200002d0                        . = (. + _Min_Heap_Size)
 *fill*         0x200000d0      0x200 
                0x200006d0                        . = (. + _Min_Stack_Size)
 *fill*         0x200002d0      0x400 
                0x200006d0                        . = ALIGN (0x8)

/DISCARD/
 libc.a(*)
 libm.a(*)
 libgcc.a(*)

.ARM.attributes
                0x00000000       0x36
 *(.ARM.attributes)
 .ARM.attributes
                0x00000000       0x26 C:/ST/STM32CubeIDE_1.17.0/STM32CubeIDE/plugins/com.st.stm32cube.ide.mcu.externaltools.gnu-tools-for-stm32.12.3.rel1.win32_1.1.0.202410251130/tools/bin/../lib/gcc/arm-none-eabi/12.3.1/thumb/v8-m.main+fp/hard/crti.o
 .ARM.attributes
                0x00000026       0x38 C:/ST/STM32CubeIDE_1.17.0/STM32CubeIDE/plugins/com.st.stm32cube.ide.mcu.externaltools.gnu-tools-for-stm32.12.3.rel1.win32_1.1.0.202410251130/tools/bin/../lib/gcc/arm-none-eabi/12.3.1/thumb/v8-m.main+fp/hard/crtbegin.o
 .ARM.attributes
                0x0000005e       0x3a ./Core/Src/bmp180.o
 .ARM.attributes
                0x00000098       0x3a ./Core/Src/gpio.o
 .ARM.attributes
                0x000000d2       0x3a ./Core/Src/i2c.o
 .ARM.attributes
                0x0000010c       0x3a ./Core/Src/main.o
 .ARM.attributes
                0x00000146       0x3a ./Core/Src/stm32h5xx_hal_msp.o
 .ARM.attributes
                0x00000180       0x3a ./Core/Src/stm32h5xx_it.o
 .ARM.attributes
                0x000001ba       0x3a ./Core/Src/system_stm32h5xx.o
 .ARM.attributes
                0x000001f4       0x24 ./Core/Startup/startup_stm32h563zitx.o
 .ARM.attributes
                0x00000218       0x3a ./Drivers/STM32H5xx_HAL_Driver/Src/stm32h5xx_hal.o
 .ARM.attributes
                0x00000252       0x3a ./Drivers/STM32H5xx_HAL_Driver/Src/stm32h5xx_hal_cortex.o
 .ARM.attributes
                0x0000028c       0x3a ./Drivers/STM32H5xx_HAL_Driver/Src/stm32h5xx_hal_gpio.o
 .ARM.attributes
                0x000002c6       0x3a ./Drivers/STM32H5xx_HAL_Driver/Src/stm32h5xx_hal_i2c.o
 .ARM.attributes
                0x00000300       0x3a ./Drivers/STM32H5xx_HAL_Driver/Src/stm32h5xx_hal_i2c_ex.o
 .ARM.attributes
                0x0000033a       0x3a ./Drivers/STM32H5xx_HAL_Driver/Src/stm32h5xx_hal_rcc.o
 .ARM.attributes
                0x00000374       0x3a ./Drivers/STM32H5xx_HAL_Driver/Src/stm32h5xx_hal_rcc_ex.o
 .ARM.attributes
                0x000003ae       0x38 C:/ST/STM32CubeIDE_1.17.0/STM32CubeIDE/plugins/com.st.stm32cube.ide.mcu.externaltools.gnu-tools-for-stm32.12.3.rel1.win32_1.1.0.202410251130/tools/bin/../lib/gcc/arm-none-eabi/12.3.1/../../../../arm-none-eabi/lib/thumb/v8-m.main+fp/hard\libc_nano.a(libc_a-memset.o)
 .ARM.attributes
                0x000003e6       0x38 C:/ST/STM32CubeIDE_1.17.0/STM32CubeIDE/plugins/com.st.stm32cube.ide.mcu.externaltools.gnu-tools-for-stm32.12.3.rel1.win32_1.1.0.202410251130/tools/bin/../lib/gcc/arm-none-eabi/12.3.1/../../../../arm-none-eabi/lib/thumb/v8-m.main+fp/hard\libc_nano.a(libc_a-init.o)
 .ARM.attributes
                0x0000041e       0x26 C:/ST/STM32CubeIDE_1.17.0/STM32CubeIDE/plugins/com.st.stm32cube.ide.mcu.externaltools.gnu-tools-for-stm32.12.3.rel1.win32_1.1.0.202410251130/tools/bin/../lib/gcc/arm-none-eabi/12.3.1/thumb/v8-m.main+fp/hard/crtn.o
OUTPUT(05_I2C.elf elf32-littlearm)
LOAD linker stubs
LOAD C:/ST/STM32CubeIDE_1.17.0/STM32CubeIDE/plugins/com.st.stm32cube.ide.mcu.externaltools.gnu-tools-for-stm32.12.3.rel1.win32_1.1.0.202410251130/tools/bin/../lib/gcc/arm-none-eabi/12.3.1/../../../../arm-none-eabi/lib/thumb/v8-m.main+fp/hard\libc.a
LOAD C:/ST/STM32CubeIDE_1.17.0/STM32CubeIDE/plugins/com.st.stm32cube.ide.mcu.externaltools.gnu-tools-for-stm32.12.3.rel1.win32_1.1.0.202410251130/tools/bin/../lib/gcc/arm-none-eabi/12.3.1/../../../../arm-none-eabi/lib/thumb/v8-m.main+fp/hard\libm.a
LOAD C:/ST/STM32CubeIDE_1.17.0/STM32CubeIDE/plugins/com.st.stm32cube.ide.mcu.externaltools.gnu-tools-for-stm32.12.3.rel1.win32_1.1.0.202410251130/tools/bin/../lib/gcc/arm-none-eabi/12.3.1/thumb/v8-m.main+fp/hard\libgcc.a

.debug_info     0x00000000     0xc3c6
 .debug_info    0x00000000      0xc2e ./Core/Src/bmp180.o
 .debug_info    0x00000c2e      0x404 ./Core/Src/gpio.o
 .debug_info    0x00001032     0x1234 ./Core/Src/i2c.o
 .debug_info    0x00002266     0x11a3 ./Core/Src/main.o
 .debug_info    0x00003409       0x9f ./Core/Src/stm32h5xx_hal_msp.o
 .debug_info    0x000034a8      0x128 ./Core/Src/stm32h5xx_it.o
 .debug_info    0x000035d0      0xd8e ./Core/Src/system_stm32h5xx.o
 .debug_info    0x0000435e       0x30 ./Core/Startup/startup_stm32h563zitx.o
 .debug_info    0x0000438e     0x139f ./Drivers/STM32H5xx_HAL_Driver/Src/stm32h5xx_hal.o
 .debug_info    0x0000572d     0x1658 ./Drivers/STM32H5xx_HAL_Driver/Src/stm32h5xx_hal_cortex.o
 .debug_info    0x00006d85      0x6b6 ./Drivers/STM32H5xx_HAL_Driver/Src/stm32h5xx_hal_gpio.o
 .debug_info    0x0000743b     0x2322 ./Drivers/STM32H5xx_HAL_Driver/Src/stm32h5xx_hal_i2c.o
 .debug_info    0x0000975d      0x8f3 ./Drivers/STM32H5xx_HAL_Driver/Src/stm32h5xx_hal_i2c_ex.o
 .debug_info    0x0000a050     0x109f ./Drivers/STM32H5xx_HAL_Driver/Src/stm32h5xx_hal_rcc.o
 .debug_info    0x0000b0ef     0x12d7 ./Drivers/STM32H5xx_HAL_Driver/Src/stm32h5xx_hal_rcc_ex.o

.debug_abbrev   0x00000000     0x1a78
 .debug_abbrev  0x00000000      0x215 ./Core/Src/bmp180.o
 .debug_abbrev  0x00000215       0xde ./Core/Src/gpio.o
 .debug_abbrev  0x000002f3      0x249 ./Core/Src/i2c.o
 .debug_abbrev  0x0000053c      0x279 ./Core/Src/main.o
 .debug_abbrev  0x000007b5       0x45 ./Core/Src/stm32h5xx_hal_msp.o
 .debug_abbrev  0x000007fa       0x73 ./Core/Src/stm32h5xx_it.o
 .debug_abbrev  0x0000086d      0x13a ./Core/Src/system_stm32h5xx.o
 .debug_abbrev  0x000009a7       0x24 ./Core/Startup/startup_stm32h563zitx.o
 .debug_abbrev  0x000009cb      0x2af ./Drivers/STM32H5xx_HAL_Driver/Src/stm32h5xx_hal.o
 .debug_abbrev  0x00000c7a      0x311 ./Drivers/STM32H5xx_HAL_Driver/Src/stm32h5xx_hal_cortex.o
 .debug_abbrev  0x00000f8b      0x1db ./Drivers/STM32H5xx_HAL_Driver/Src/stm32h5xx_hal_gpio.o
 .debug_abbrev  0x00001166      0x271 ./Drivers/STM32H5xx_HAL_Driver/Src/stm32h5xx_hal_i2c.o
 .debug_abbrev  0x000013d7      0x1a8 ./Drivers/STM32H5xx_HAL_Driver/Src/stm32h5xx_hal_i2c_ex.o
 .debug_abbrev  0x0000157f      0x290 ./Drivers/STM32H5xx_HAL_Driver/Src/stm32h5xx_hal_rcc.o
 .debug_abbrev  0x0000180f      0x269 ./Drivers/STM32H5xx_HAL_Driver/Src/stm32h5xx_hal_rcc_ex.o

.debug_aranges  0x00000000      0x9f0
 .debug_aranges
                0x00000000       0x60 ./Core/Src/bmp180.o
 .debug_aranges
                0x00000060       0x20 ./Core/Src/gpio.o
 .debug_aranges
                0x00000080       0x30 ./Core/Src/i2c.o
 .debug_aranges
                0x000000b0       0x30 ./Core/Src/main.o
 .debug_aranges
                0x000000e0       0x20 ./Core/Src/stm32h5xx_hal_msp.o
 .debug_aranges
                0x00000100       0x60 ./Core/Src/stm32h5xx_it.o
 .debug_aranges
                0x00000160       0x28 ./Core/Src/system_stm32h5xx.o
 .debug_aranges
                0x00000188       0x28 ./Core/Startup/startup_stm32h563zitx.o
 .debug_aranges
                0x000001b0      0x200 ./Drivers/STM32H5xx_HAL_Driver/Src/stm32h5xx_hal.o
 .debug_aranges
                0x000003b0      0x140 ./Drivers/STM32H5xx_HAL_Driver/Src/stm32h5xx_hal_cortex.o
 .debug_aranges
                0x000004f0       0x78 ./Drivers/STM32H5xx_HAL_Driver/Src/stm32h5xx_hal_gpio.o
 .debug_aranges
                0x00000568      0x2a0 ./Drivers/STM32H5xx_HAL_Driver/Src/stm32h5xx_hal_i2c.o
 .debug_aranges
                0x00000808       0x40 ./Drivers/STM32H5xx_HAL_Driver/Src/stm32h5xx_hal_i2c_ex.o
 .debug_aranges
                0x00000848       0xa0 ./Drivers/STM32H5xx_HAL_Driver/Src/stm32h5xx_hal_rcc.o
 .debug_aranges
                0x000008e8      0x108 ./Drivers/STM32H5xx_HAL_Driver/Src/stm32h5xx_hal_rcc_ex.o

.debug_rnglists
                0x00000000      0x783
 .debug_rnglists
                0x00000000       0x45 ./Core/Src/bmp180.o
 .debug_rnglists
                0x00000045       0x13 ./Core/Src/gpio.o
 .debug_rnglists
                0x00000058       0x21 ./Core/Src/i2c.o
 .debug_rnglists
                0x00000079       0x20 ./Core/Src/main.o
 .debug_rnglists
                0x00000099       0x13 ./Core/Src/stm32h5xx_hal_msp.o
 .debug_rnglists
                0x000000ac       0x43 ./Core/Src/stm32h5xx_it.o
 .debug_rnglists
                0x000000ef       0x1b ./Core/Src/system_stm32h5xx.o
 .debug_rnglists
                0x0000010a       0x19 ./Core/Startup/startup_stm32h563zitx.o
 .debug_rnglists
                0x00000123      0x17d ./Drivers/STM32H5xx_HAL_Driver/Src/stm32h5xx_hal.o
 .debug_rnglists
                0x000002a0       0xec ./Drivers/STM32H5xx_HAL_Driver/Src/stm32h5xx_hal_cortex.o
 .debug_rnglists
                0x0000038c       0x57 ./Drivers/STM32H5xx_HAL_Driver/Src/stm32h5xx_hal_gpio.o
 .debug_rnglists
                0x000003e3      0x228 ./Drivers/STM32H5xx_HAL_Driver/Src/stm32h5xx_hal_i2c.o
 .debug_rnglists
                0x0000060b       0x30 ./Drivers/STM32H5xx_HAL_Driver/Src/stm32h5xx_hal_i2c_ex.o
 .debug_rnglists
                0x0000063b       0x79 ./Drivers/STM32H5xx_HAL_Driver/Src/stm32h5xx_hal_rcc.o
 .debug_rnglists
                0x000006b4       0xcf ./Drivers/STM32H5xx_HAL_Driver/Src/stm32h5xx_hal_rcc_ex.o

.debug_macro    0x00000000    0x3005b
 .debug_macro   0x00000000      0x271 ./Core/Src/bmp180.o
 .debug_macro   0x00000271      0xaba ./Core/Src/bmp180.o
 .debug_macro   0x00000d2b      0x1c4 ./Core/Src/bmp180.o
 .debug_macro   0x00000eef       0x22 ./Core/Src/bmp180.o
 .debug_macro   0x00000f11       0x5b ./Core/Src/bmp180.o
 .debug_macro   0x00000f6c       0x2a ./Core/Src/bmp180.o
 .debug_macro   0x00000f96       0x94 ./Core/Src/bmp180.o
 .debug_macro   0x0000102a       0x43 ./Core/Src/bmp180.o
 .debug_macro   0x0000106d       0x34 ./Core/Src/bmp180.o
 .debug_macro   0x000010a1      0x189 ./Core/Src/bmp180.o
 .debug_macro   0x0000122a       0x16 ./Core/Src/bmp180.o
 .debug_macro   0x00001240       0x43 ./Core/Src/bmp180.o
 .debug_macro   0x00001283       0x57 ./Core/Src/bmp180.o
 .debug_macro   0x000012da       0x34 ./Core/Src/bmp180.o
 .debug_macro   0x0000130e       0x10 ./Core/Src/bmp180.o
 .debug_macro   0x0000131e       0x58 ./Core/Src/bmp180.o
 .debug_macro   0x00001376       0x8e ./Core/Src/bmp180.o
 .debug_macro   0x00001404       0x1c ./Core/Src/bmp180.o
 .debug_macro   0x00001420      0x177 ./Core/Src/bmp180.o
 .debug_macro   0x00001597      0x369 ./Core/Src/bmp180.o
 .debug_macro   0x00001900      0x19b ./Core/Src/bmp180.o
 .debug_macro   0x00001a9b       0x28 ./Core/Src/bmp180.o
 .debug_macro   0x00001ac3       0x49 ./Core/Src/bmp180.o
 .debug_macro   0x00001b0c      0x103 ./Core/Src/bmp180.o
 .debug_macro   0x00001c0f       0x6a ./Core/Src/bmp180.o
 .debug_macro   0x00001c79      0x1df ./Core/Src/bmp180.o
 .debug_macro   0x00001e58       0x1c ./Core/Src/bmp180.o
 .debug_macro   0x00001e74       0x29 ./Core/Src/bmp180.o
 .debug_macro   0x00001e9d       0xfb ./Core/Src/bmp180.o
 .debug_macro   0x00001f98     0x1685 ./Core/Src/bmp180.o
 .debug_macro   0x0000361d       0x5e ./Core/Src/bmp180.o
 .debug_macro   0x0000367b    0x211d5 ./Core/Src/bmp180.o
 .debug_macro   0x00024850       0x6d ./Core/Src/bmp180.o
 .debug_macro   0x000248bd     0x388a ./Core/Src/bmp180.o
 .debug_macro   0x00028147       0x63 ./Core/Src/bmp180.o
 .debug_macro   0x000281aa     0x1f0d ./Core/Src/bmp180.o
 .debug_macro   0x0002a0b7      0xe96 ./Core/Src/bmp180.o
 .debug_macro   0x0002af4d      0x166 ./Core/Src/bmp180.o
 .debug_macro   0x0002b0b3      0x307 ./Core/Src/bmp180.o
 .debug_macro   0x0002b3ba      0x917 ./Core/Src/bmp180.o
 .debug_macro   0x0002bcd1      0x478 ./Core/Src/bmp180.o
 .debug_macro   0x0002c149       0xd6 ./Core/Src/bmp180.o
 .debug_macro   0x0002c21f      0x1cd ./Core/Src/bmp180.o
 .debug_macro   0x0002c3ec      0x55b ./Core/Src/bmp180.o
 .debug_macro   0x0002c947      0x638 ./Core/Src/bmp180.o
 .debug_macro   0x0002cf7f       0x7b ./Core/Src/bmp180.o
 .debug_macro   0x0002cffa      0x22c ./Core/Src/bmp180.o
 .debug_macro   0x0002d226       0x35 ./Core/Src/bmp180.o
 .debug_macro   0x0002d25b       0xa5 ./Core/Src/bmp180.o
 .debug_macro   0x0002d300      0x313 ./Core/Src/bmp180.o
 .debug_macro   0x0002d613      0x1bb ./Core/Src/bmp180.o
 .debug_macro   0x0002d7ce      0x2a7 ./Core/Src/bmp180.o
 .debug_macro   0x0002da75      0x47e ./Core/Src/bmp180.o
 .debug_macro   0x0002def3       0x94 ./Core/Src/bmp180.o
 .debug_macro   0x0002df87      0x272 ./Core/Src/gpio.o
 .debug_macro   0x0002e1f9      0x272 ./Core/Src/i2c.o
 .debug_macro   0x0002e46b      0x293 ./Core/Src/main.o
 .debug_macro   0x0002e6fe      0x268 ./Core/Src/stm32h5xx_hal_msp.o
 .debug_macro   0x0002e966      0x272 ./Core/Src/stm32h5xx_it.o
 .debug_macro   0x0002ebd8      0x265 ./Core/Src/system_stm32h5xx.o
 .debug_macro   0x0002ee3d      0x294 ./Drivers/STM32H5xx_HAL_Driver/Src/stm32h5xx_hal.o
 .debug_macro   0x0002f0d1      0x25e ./Drivers/STM32H5xx_HAL_Driver/Src/stm32h5xx_hal_cortex.o
 .debug_macro   0x0002f32f      0x294 ./Drivers/STM32H5xx_HAL_Driver/Src/stm32h5xx_hal_gpio.o
 .debug_macro   0x0002f5c3      0x32a ./Drivers/STM32H5xx_HAL_Driver/Src/stm32h5xx_hal_i2c.o
 .debug_macro   0x0002f8ed      0x25e ./Drivers/STM32H5xx_HAL_Driver/Src/stm32h5xx_hal_i2c_ex.o
 .debug_macro   0x0002fb4b      0x2a0 ./Drivers/STM32H5xx_HAL_Driver/Src/stm32h5xx_hal_rcc.o
 .debug_macro   0x0002fdeb      0x270 ./Drivers/STM32H5xx_HAL_Driver/Src/stm32h5xx_hal_rcc_ex.o

.debug_line     0x00000000     0xf48e
 .debug_line    0x00000000      0xb16 ./Core/Src/bmp180.o
 .debug_line    0x00000b16      0x843 ./Core/Src/gpio.o
 .debug_line    0x00001359      0x8da ./Core/Src/i2c.o
 .debug_line    0x00001c33      0x90e ./Core/Src/main.o
 .debug_line    0x00002541      0x843 ./Core/Src/stm32h5xx_hal_msp.o
 .debug_line    0x00002d84      0x90a ./Core/Src/stm32h5xx_it.o
 .debug_line    0x0000368e      0x9c9 ./Core/Src/system_stm32h5xx.o
 .debug_line    0x00004057       0x7b ./Core/Startup/startup_stm32h563zitx.o
 .debug_line    0x000040d2      0xf50 ./Drivers/STM32H5xx_HAL_Driver/Src/stm32h5xx_hal.o
 .debug_line    0x00005022      0xeb8 ./Drivers/STM32H5xx_HAL_Driver/Src/stm32h5xx_hal_cortex.o
 .debug_line    0x00005eda      0xc44 ./Drivers/STM32H5xx_HAL_Driver/Src/stm32h5xx_hal_gpio.o
 .debug_line    0x00006b1e     0x3e02 ./Drivers/STM32H5xx_HAL_Driver/Src/stm32h5xx_hal_i2c.o
 .debug_line    0x0000a920      0xa97 ./Drivers/STM32H5xx_HAL_Driver/Src/stm32h5xx_hal_i2c_ex.o
 .debug_line    0x0000b3b7     0x12c3 ./Drivers/STM32H5xx_HAL_Driver/Src/stm32h5xx_hal_rcc.o
 .debug_line    0x0000c67a     0x2e14 ./Drivers/STM32H5xx_HAL_Driver/Src/stm32h5xx_hal_rcc_ex.o

.debug_str      0x00000000   0x12ca04
 .debug_str     0x00000000   0x128905 ./Core/Src/bmp180.o
                             0x128c9a (size before relaxing)
 .debug_str     0x00128905      0x23f ./Core/Src/gpio.o
                             0x1284f8 (size before relaxing)
 .debug_str     0x00128b44      0x58e ./Core/Src/i2c.o
                             0x129136 (size before relaxing)
 .debug_str     0x001290d2      0x4d9 ./Core/Src/main.o
                             0x129184 (size before relaxing)
 .debug_str     0x001295ab       0x2c ./Core/Src/stm32h5xx_hal_msp.o
                             0x1282b1 (size before relaxing)
 .debug_str     0x001295d7       0xc9 ./Core/Src/stm32h5xx_it.o
                             0x12834e (size before relaxing)
 .debug_str     0x001296a0      0x1bd ./Core/Src/system_stm32h5xx.o
                             0x128938 (size before relaxing)
 .debug_str     0x0012985d       0x44 ./Core/Startup/startup_stm32h563zitx.o
                                 0x7e (size before relaxing)
 .debug_str     0x001298a1     0x104f ./Drivers/STM32H5xx_HAL_Driver/Src/stm32h5xx_hal.o
                             0x129784 (size before relaxing)
 .debug_str     0x0012a8f0      0x40e ./Drivers/STM32H5xx_HAL_Driver/Src/stm32h5xx_hal_cortex.o
                             0x129313 (size before relaxing)
 .debug_str     0x0012acfe      0x302 ./Drivers/STM32H5xx_HAL_Driver/Src/stm32h5xx_hal_gpio.o
                             0x12869d (size before relaxing)
 .debug_str     0x0012b000      0xf21 ./Drivers/STM32H5xx_HAL_Driver/Src/stm32h5xx_hal_i2c.o
                             0x1298eb (size before relaxing)
 .debug_str     0x0012bf21       0x87 ./Drivers/STM32H5xx_HAL_Driver/Src/stm32h5xx_hal_i2c_ex.o
                             0x128a0c (size before relaxing)
 .debug_str     0x0012bfa8      0x38a ./Drivers/STM32H5xx_HAL_Driver/Src/stm32h5xx_hal_rcc.o
                             0x128e7d (size before relaxing)
 .debug_str     0x0012c332      0x6d2 ./Drivers/STM32H5xx_HAL_Driver/Src/stm32h5xx_hal_rcc_ex.o
                             0x1291c7 (size before relaxing)

.comment        0x00000000       0x43
 .comment       0x00000000       0x43 ./Core/Src/bmp180.o
                                 0x44 (size before relaxing)
 .comment       0x00000043       0x44 ./Core/Src/gpio.o
 .comment       0x00000043       0x44 ./Core/Src/i2c.o
 .comment       0x00000043       0x44 ./Core/Src/main.o
 .comment       0x00000043       0x44 ./Core/Src/stm32h5xx_hal_msp.o
 .comment       0x00000043       0x44 ./Core/Src/stm32h5xx_it.o
 .comment       0x00000043       0x44 ./Core/Src/system_stm32h5xx.o
 .comment       0x00000043       0x44 ./Drivers/STM32H5xx_HAL_Driver/Src/stm32h5xx_hal.o
 .comment       0x00000043       0x44 ./Drivers/STM32H5xx_HAL_Driver/Src/stm32h5xx_hal_cortex.o
 .comment       0x00000043       0x44 ./Drivers/STM32H5xx_HAL_Driver/Src/stm32h5xx_hal_gpio.o
 .comment       0x00000043       0x44 ./Drivers/STM32H5xx_HAL_Driver/Src/stm32h5xx_hal_i2c.o
 .comment       0x00000043       0x44 ./Drivers/STM32H5xx_HAL_Driver/Src/stm32h5xx_hal_i2c_ex.o
 .comment       0x00000043       0x44 ./Drivers/STM32H5xx_HAL_Driver/Src/stm32h5xx_hal_rcc.o
 .comment       0x00000043       0x44 ./Drivers/STM32H5xx_HAL_Driver/Src/stm32h5xx_hal_rcc_ex.o

.debug_frame    0x00000000     0x27bc
 .debug_frame   0x00000000      0x15c ./Core/Src/bmp180.o
 .debug_frame   0x0000015c       0x38 ./Core/Src/gpio.o
 .debug_frame   0x00000194       0x78 ./Core/Src/i2c.o
 .debug_frame   0x0000020c       0x68 ./Core/Src/main.o
 .debug_frame   0x00000274       0x30 ./Core/Src/stm32h5xx_hal_msp.o
 .debug_frame   0x000002a4      0x104 ./Core/Src/stm32h5xx_it.o
 .debug_frame   0x000003a8       0x60 ./Core/Src/system_stm32h5xx.o
 .debug_frame   0x00000408      0x828 ./Drivers/STM32H5xx_HAL_Driver/Src/stm32h5xx_hal.o
 .debug_frame   0x00000c30      0x560 ./Drivers/STM32H5xx_HAL_Driver/Src/stm32h5xx_hal_cortex.o
 .debug_frame   0x00001190      0x1ec ./Drivers/STM32H5xx_HAL_Driver/Src/stm32h5xx_hal_gpio.o
 .debug_frame   0x0000137c      0xc44 ./Drivers/STM32H5xx_HAL_Driver/Src/stm32h5xx_hal_i2c.o
 .debug_frame   0x00001fc0       0xd8 ./Drivers/STM32H5xx_HAL_Driver/Src/stm32h5xx_hal_i2c_ex.o
 .debug_frame   0x00002098      0x268 ./Drivers/STM32H5xx_HAL_Driver/Src/stm32h5xx_hal_rcc.o
 .debug_frame   0x00002300      0x470 ./Drivers/STM32H5xx_HAL_Driver/Src/stm32h5xx_hal_rcc_ex.o
 .debug_frame   0x00002770       0x20 C:/ST/STM32CubeIDE_1.17.0/STM32CubeIDE/plugins/com.st.stm32cube.ide.mcu.externaltools.gnu-tools-for-stm32.12.3.rel1.win32_1.1.0.202410251130/tools/bin/../lib/gcc/arm-none-eabi/12.3.1/../../../../arm-none-eabi/lib/thumb/v8-m.main+fp/hard\libc_nano.a(libc_a-memset.o)
 .debug_frame   0x00002790       0x2c C:/ST/STM32CubeIDE_1.17.0/STM32CubeIDE/plugins/com.st.stm32cube.ide.mcu.externaltools.gnu-tools-for-stm32.12.3.rel1.win32_1.1.0.202410251130/tools/bin/../lib/gcc/arm-none-eabi/12.3.1/../../../../arm-none-eabi/lib/thumb/v8-m.main+fp/hard\libc_nano.a(libc_a-init.o)

.debug_line_str
                0x00000000       0x62
 .debug_line_str
                0x00000000       0x62 ./Core/Startup/startup_stm32h563zitx.o
